FHIR IG Publisher Version 2.3.2 (Git# 04466d0486ed). Built 2026-08-13T02:20:51.957Z (7 days old)
Detected Java version: 17.0.16 from C:\Program Files\Eclipse Adoptium\jdk-17.0.16.8-hotspot on amd64 (64bit). 7884MB available
dir = C:\Users\franco.ulloa\Documents\sushi\R2BO_PUBLISH_Hl7\R2BO_ig, path = C:\Users\franco.ulloa\AppData\Local\anaconda3;C:\Users\franco.ulloa\AppData\Local\anaconda3\Library\mingw-w64\bin;C:\Users\franco.ulloa\AppData\Local\anaconda3\Library\usr\bin;C:\Users\franco.ulloa\AppData\Local\anaconda3\Library\bin;C:\Users\franco.ulloa\AppData\Local\anaconda3\Scripts;C:\Users\franco.ulloa\AppData\Local\anaconda3\bin;C:\Users\franco.ulloa\AppData\Local\anaconda3\condabin;C:\Program Files\PowerShell\7;C:\Program Files\Eclipse Adoptium\jdk-17\bin;C:\Program Files\Eclipse Adoptium\jdk-17.0.16.8-hotspot\bin;C:\Program Files\Common Files\Oracle\Java\javapath;C:\Oracle\product\19.0.0\client_1\bin;C:\WINDOWS\system32;C:\WINDOWS;C:\WINDOWS\System32\Wbem;C:\WINDOWS\System32\WindowsPowerShell\v1.0;C:\WINDOWS\System32\OpenSSH;C:\Users\franco.ulloa\AppData\Roaming\nvm;C:\Program Files\nodejs;C:\Program Files\Amazon\AWSCLIV2;C:\Program Files\Eclipse Adoptium\jdk-17.0.16.8-hotspot\bin;C:\apache-maven-3.9.6\bin;C:\Program Files (x86)\Agfa\IMPAX RIS\RIS 6.4.3;C:\Program Files (x86)\Agfa\IMPAX RIS\RIS 6.4.3\Axis2c\lib;C:\Program Files\Git LFS;C:\Program Files\GitHub CLI;C:\Program Files\MySQL\MySQL Shell 8.0\bin;C:\Ruby34-x64\bin;C:\Ruby32-x64\bin;C:\Users\franco.ulloa\AppData\Local\Microsoft\WindowsApps;C:\Users\franco.ulloa\AppData\Local\Programs\Microsoft VS Code\bin;C:\Program Files\JetBrains\DataGrip 2023.3.3\b;C:\Program Files\Git\cmd;C:\Program Files\dotnet;C:\Program Files\PowerShell\7;C:\Program Files\Docker\Docker\resources\bin;C:\Users\franco.ulloa\AppData\Local\anaconda3;C:\Users\franco.ulloa\AppData\Local\anaconda3\Library\mingw-w64\bin;C:\Users\franco.ulloa\AppData\Local\anaconda3\Library\usr\bin;C:\Users\franco.ulloa\AppData\Local\anaconda3\Library\bin;C:\Users\franco.ulloa\AppData\Local\anaconda3\Scripts;C:\Program Files\MySQL\MySQL Shell 8.0\bin;C:\Ruby34-x64\bin;C:\Ruby32-x64\bin;C:\Users\franco.ulloa\AppData\Local\Microsoft\WindowsApps;C:\Users\franco.ulloa\AppData\Roaming\nvm;C:\Program Files\nodejs;C:\Users\franco.ulloa\AppData\Local\Programs\Microsoft VS Code\bin;C:\Program Files\JetBrains\DataGrip 2023.3.3\bin;.;C:\Program Files\Eclipse Adoptium\jdk-17.0.16.8-hotspot;C:\Program Files\Eclipse Adoptium\jdk-17.0.16.8-hotspot\bin;C:\apache-maven-3.9.6\bin;C:\FHIRServer;C:\Users\franco.ulloa\flutter\bin;C:\Users\franco.ulloa\AppData\Local\GitHubDesktop\bin;C:\Users\franco.ulloa\AppData\Local\Microsoft\WinGet\Links;.;C:\Program Files\Graphviz\bin
Parameters: -ig . -go-publish -source C:/Users/franco.ulloa/Documents/sushi/R2BO_PUBLISH_Hl7/R2BO_ig -web C:/Users/franco.ulloa/Documents/sushi/R2BO_PUBLISH_Hl7/r2bo -registry C:/Users/franco.ulloa/Documents/sushi/R2BO_PUBLISH_Hl7/ig-registry-master/fhir-ig-list.json -history C:/Users/franco.ulloa/Documents/sushi/R2BO_PUBLISH_Hl7//fhir-ig-history-template-master/ -temp C:/Users/franco.ulloa/Documents/sushi/R2BO_PUBLISH_Hl7/temp -templates C:/Users/franco.ulloa/Documents/sushi/R2BO_PUBLISH_Hl7/r2bo/templates -tx https://tx.hl7chile.cl/r4
---------------
Publication Run: publish C:/Users/franco.ulloa/Documents/sushi/R2BO_PUBLISH_Hl7/R2BO_ig to C:/Users/franco.ulloa/Documents/sushi/R2BO_PUBLISH_Hl7/r2bo
Relative directory for IG is '\'
===== Web Publication Run Details ===============================
 Source IG: hl7.fhir.cl.minsal.r2bo#0.3.0-draft : https://interoperabilidad.minsal.cl/fhir/ig/r2bo (R4) from C:/Users/franco.ulloa/Documents/sushi/R2BO_PUBLISH_Hl7/R2BO_ig
All checks passed. Do the publication build from C:\Users\franco.ulloa\Documents\sushi\R2BO_PUBLISH_Hl7\R2BO_ig and publish to C:\Users\franco.ulloa\Documents\sushi\R2BO_PUBLISH_Hl7\temp\web-root\run-20260820\
Prepare Build space in C:\Users\franco.ulloa\Documents\sushi\R2BO_PUBLISH_Hl7\temp\ig-builds\hl7.fhir.cl.minsal.r2bo#0.3.0-draft
Build IG at C:\Users\franco.ulloa\Documents\sushi\R2BO_PUBLISH_Hl7\R2BO_ig: final copy suitable for publication (in C:\Users\franco.ulloa\Documents\sushi\R2BO_PUBLISH_Hl7\temp\ig-builds\hl7.fhir.cl.minsal.r2bo#0.3.0-draft)
FHIR IG Publisher Version 2.3.2 (Git# 04466d0486ed). Built 2026-08-13T02:20:51.957Z (7 days old)    
Detected Java version: 17.0.16 from C:\Program Files\Eclipse Adoptium\jdk-17.0.16.8-hotspot on Windows 11/amd64 (64bit). 7884MB available
dir = C:\Users\franco.ulloa\Documents\sushi\R2BO_PUBLISH_Hl7\R2BO_ig, path = C:\Users\franco.ulloa\AppData\Local\anaconda3;C:\Users\franco.ulloa\AppData\Local\anaconda3\Library\mingw-w64\bin;C:\Users\franco.ulloa\AppData\Local\anaconda3\Library\usr\bin;C:\Users\franco.ulloa\AppData\Local\anaconda3\Library\bin;C:\Users\franco.ulloa\AppData\Local\anaconda3\Scripts;C:\Users\franco.ulloa\AppData\Local\anaconda3\bin;C:\Users\franco.ulloa\AppData\Local\anaconda3\condabin;C:\Program Files\PowerShell\7;C:\Program Files\Eclipse Adoptium\jdk-17\bin;C:\Program Files\Eclipse Adoptium\jdk-17.0.16.8-hotspot\bin;C:\Program Files\Common Files\Oracle\Java\javapath;C:\Oracle\product\19.0.0\client_1\bin;C:\WINDOWS\system32;C:\WINDOWS;C:\WINDOWS\System32\Wbem;C:\WINDOWS\System32\WindowsPowerShell\v1.0;C:\WINDOWS\System32\OpenSSH;C:\Users\franco.ulloa\AppData\Roaming\nvm;C:\Program Files\nodejs;C:\Program Files\Amazon\AWSCLIV2;C:\Program Files\Eclipse Adoptium\jdk-17.0.16.8-hotspot\bin;C:\apache-maven-3.9.6\bin;C:\Program Files (x86)\Agfa\IMPAX RIS\RIS 6.4.3;C:\Program Files (x86)\Agfa\IMPAX RIS\RIS 6.4.3\Axis2c\lib;C:\Program Files\Git LFS;C:\Program Files\GitHub CLI;C:\Program Files\MySQL\MySQL Shell 8.0\bin;C:\Ruby34-x64\bin;C:\Ruby32-x64\bin;C:\Users\franco.ulloa\AppData\Local\Microsoft\WindowsApps;C:\Users\franco.ulloa\AppData\Local\Programs\Microsoft VS Code\bin;C:\Program Files\JetBrains\DataGrip 2023.3.3\b;C:\Program Files\Git\cmd;C:\Program Files\dotnet;C:\Program Files\PowerShell\7;C:\Program Files\Docker\Docker\resources\bin;C:\Users\franco.ulloa\AppData\Local\anaconda3;C:\Users\franco.ulloa\AppData\Local\anaconda3\Library\mingw-w64\bin;C:\Users\franco.ulloa\AppData\Local\anaconda3\Library\usr\bin;C:\Users\franco.ulloa\AppData\Local\anaconda3\Library\bin;C:\Users\franco.ulloa\AppData\Local\anaconda3\Scripts;C:\Program Files\MySQL\MySQL Shell 8.0\bin;C:\Ruby34-x64\bin;C:\Ruby32-x64\bin;C:\Users\franco.ulloa\AppData\Local\Microsoft\WindowsApps;C:\Users\franco.ulloa\AppData\Roaming\nvm;C:\Program Files\nodejs;C:\Users\franco.ulloa\AppData\Local\Programs\Microsoft VS Code\bin;C:\Program Files\JetBrains\DataGrip 2023.3.3\bin;.;C:\Program Files\Eclipse Adoptium\jdk-17.0.16.8-hotspot;C:\Program Files\Eclipse Adoptium\jdk-17.0.16.8-hotspot\bin;C:\apache-maven-3.9.6\bin;C:\FHIRServer;C:\Users\franco.ulloa\flutter\bin;C:\Users\franco.ulloa\AppData\Local\GitHubDesktop\bin;C:\Users\franco.ulloa\AppData\Local\Microsoft\WinGet\Links;.;C:\Program Files\Graphviz\bin
Parameters: -publish https://interoperabilidad.minsal.cl/fhir/ig/r2bo/0.3.0-draft -no-exit -tx https://tx.hl7chile.cl/r4 -ig C:\Users\franco.ulloa\Documents\sushi\R2BO_PUBLISH_Hl7\temp\ig-builds\hl7.fhir.cl.minsal.r2bo#0.3.0-draft -resetTx
Character encoding = UTF-8 / UTF-8                                                                  
Start Clock @ jueves, 20 de agosto de 2026, 12:25:24 (hora estándar de Chile) (2026-08-20T12:25:24-04:00)
                                                                                                    
Build FHIR IG from C:\Users\franco.ulloa\Documents\sushi\R2BO_PUBLISH_Hl7\temp\ig-builds\hl7.fhir.cl.minsal.r2bo#0.3.0-draft (00:00.101 / 00:00.102, 40Mb)
Build Formal Publication package, intended for https://interoperabilidad.minsal.cl/fhir/ig/r2bo/0.3.0-draft (00:00.005 / 00:00.107, 40Mb)
No FHIR settings file at C:\Users\franco.ulloa\.fhir\fhir-settings.json; using defaults (no API keys or npm path) (00:00.002 / 00:00.109, 40Mb)
Package Cache: C:\Users\franco.ulloa\.fhir\packages                                                  (00:00.005 / 00:00.115, 40Mb)
Run Sushi on C:\Users\franco.ulloa\Documents\sushi\R2BO_PUBLISH_Hl7\temp\ig-builds\hl7.fhir.cl.minsal.r2bo#0.3.0-draft (00:00.018 / 00:00.134, 40Mb)
Sushi: info  Running SUSHI v3.20.1 (implements FHIR Shorthand specification v3.0.0)                  (00:01.209 / 00:01.343, 42Mb)
Sushi: info  Arguments:                                                                              (00:00.001 / 00:01.345, 42Mb)
Sushi: info    --require-latest                                                                      (00:00.002 / 00:01.347, 42Mb)
Sushi: info    --out C:\Users\franco.ulloa\Documents\sushi\R2BO_PUBLISH_Hl7\temp\ig-builds\hl7.fhir.cl.minsal.r2bo#0.3.0-draft (00:00.001 / 00:01.349, 42Mb)
Sushi: info    C:\Users\franco.ulloa\Documents\sushi\R2BO_PUBLISH_Hl7\temp\ig-builds\hl7.fhir.cl.minsal.r2bo#0.3.0-draft (00:00.002 / 00:01.351, 42Mb)
Sushi: info  Using configuration file: C:\Users\franco.ulloa\Documents\sushi\R2BO_PUBLISH_Hl7\temp\ig-builds\hl7.fhir.cl.minsal.r2bo#0.3.0-draft\sushi-config.yaml (00:01.426 / 00:02.778, 42Mb)
Sushi: info  Importing FSH text...                                                                   (00:00.128 / 00:02.907, 42Mb)
Sushi: info  Preprocessed 60 documents with 17 aliases.                                              (00:00.340 / 00:03.247, 42Mb)
Sushi: info  Imported 39 definitions and 42 instances.                                               (00:00.060 / 00:03.308, 42Mb)
Sushi: info  Loaded virtual package sushi-r5forR4#1.0.0 with 7 resources                             (00:00.128 / 00:03.436, 42Mb)
Sushi: info  Resolved hl7.fhir.uv.tools.r4#latest to concrete version 1.1.2                          (00:00.983 / 00:04.420, 42Mb)
Sushi: info  Loaded hl7.fhir.uv.tools.r4#1.1.2 with 119 resources                                    (00:00.142 / 00:04.562, 42Mb)
Sushi: info  Resolved hl7.terminology.r4#latest to concrete version 7.3.0                            (00:00.225 / 00:04.787, 42Mb)
Sushi: info  Loaded hl7.terminology.r4#7.3.0 with 4176 resources                                     (00:02.451 / 00:07.238, 42Mb)
Sushi: info  Loaded hl7.fhir.cl.minsal.nid#0.4.9 with 89 resources                                   (00:00.068 / 00:07.307, 42Mb)
Sushi: info  Loaded hl7.fhir.cl.clcore#1.9.4 with 74 resources                                       (00:00.043 / 00:07.351, 42Mb)
Sushi: info  Loaded hl7.fhir.us.mcode#4.0.0 with 171 resources                                       (00:00.121 / 00:07.473, 42Mb)
Sushi: info  Loaded hl7.fhir.r4.core#4.0.1 with 4581 resources                                       (00:02.104 / 00:09.577, 42Mb)
Sushi: info  Resolved hl7.fhir.uv.extensions.r4#latest to concrete version 5.3.0                     (00:00.238 / 00:09.815, 42Mb)
Sushi: info  Loaded hl7.fhir.uv.extensions.r4#5.3.0 with 885 resources                               (00:00.464 / 00:10.280, 42Mb)
Sushi: info  Loaded virtual package sushi-local#LOCAL with 0 resources                               (00:00.012 / 00:10.292, 42Mb)
Sushi: info  Converting FSH to FHIR resources...                                                     (00:00.024 / 00:10.317, 42Mb)
Sushi: info  Converted 17 FHIR StructureDefinitions.                                                 (00:02.598 / 00:12.915, 42Mb)
Sushi: info  Converted 1 FHIR CodeSystems.                                                           (00:00.021 / 00:12.937, 42Mb)
Sushi: info  Converted 21 FHIR ValueSets.                                                            (00:00.450 / 00:13.388, 42Mb)
Sushi: warn  http://hl7.org/fhir/StructureDefinition/geolocation|5.2.0 was requested, but SUSHI found http://hl7.org/fhir/StructureDefinition/geolocation|5.3.0 (00:01.883 / 00:15.271, 42Mb)
Sushi: info  Converted 42 FHIR instances.                                                            (00:02.468 / 00:17.740, 42Mb)
Sushi: info  Exporting FHIR resources as JSON...                                                     (00:00.021 / 00:17.762, 42Mb)
Sushi: info  Exported 58 FHIR resources as JSON.                                                     (00:00.305 / 00:18.068, 42Mb)
Sushi: info  Assembling Implementation Guide sources...                                              (00:00.009 / 00:18.078, 42Mb)
Sushi: info  Generated ImplementationGuide-hl7.fhir.cl.minsal.r2bo.json                              (00:00.074 / 00:18.152, 42Mb)
Sushi: info  Assembled Implementation Guide sources; ready for IG Publisher.                         (00:00.004 / 00:18.156, 42Mb)
Sushi: ========================= SUSHI RESULTS ===========================                           (00:00.003 / 00:18.159, 42Mb)
Sushi: |  -------------------------------------------------------------  |                           (00:00.003 / 00:18.163, 42Mb)
Sushi: | |    Profiles   |  Extensions  |   Logicals   |   Resources   | |                           (00:00.004 / 00:18.167, 42Mb)
Sushi: | |-------------------------------------------------------------| |                           (00:00.003 / 00:18.171, 42Mb)
Sushi: | |      12       |      3       |      2       |       0       | |                           (00:00.003 / 00:18.175, 42Mb)
Sushi: |  -------------------------------------------------------------  |                           (00:00.002 / 00:18.177, 42Mb)
Sushi: |  -------------------------------------------------------------  |                           (00:00.004 / 00:18.181, 42Mb)
Sushi: | |      ValueSets     |    CodeSystems    |     Instances      | |                           (00:00.003 / 00:18.185, 42Mb)
Sushi: | |-------------------------------------------------------------| |                           (00:00.003 / 00:18.189, 42Mb)
Sushi: | |         21         |         1         |         42         | |                           (00:00.003 / 00:18.193, 42Mb)
Sushi: |  -------------------------------------------------------------  |                           (00:00.003 / 00:18.196, 42Mb)
Sushi: |                                                                 |                           (00:00.003 / 00:18.200, 42Mb)
Sushi: ===================================================================                           (00:00.003 / 00:18.203, 42Mb)
Sushi: | Warnings... Water those about?         0 Errors       1 Warning |                           (00:00.003 / 00:18.207, 42Mb)
Sushi: ===================================================================                           (00:00.003 / 00:18.210, 42Mb)
Root directory: C:\Users\franco.ulloa\Documents\sushi\R2BO_PUBLISH_Hl7\temp\ig-builds\hl7.fhir.cl.minsal.r2bo#0.3.0-draft (00:00.017 / 00:18.227, 42Mb)
Unable to load IG as an r5 IG - try R4 (property code is a class com.google.gson.JsonPrimitive looking for an object) (00:00.805 / 00:19.033, 21Mb)
Load Template from hl7chile-ig-template                                                              (00:00.924 / 00:19.958, 34Mb)
 Load Template from fhir.base.template#current                                                       (00:00.020 / 00:19.979, 35Mb)
[33mThis content depends on fhir.base.template which is no longer considered secure to use
[0;39m[33mSee Security notification at https://www.fhir.org/guides/security-notices/2026-03-npm-dependencies.html
[0;39mScanning directory: C:\Users\franco.ulloa\Documents\sushi\R2BO_PUBLISH_Hl7\temp\ig-builds\hl7.fhir.cl.minsal.r2bo#0.3.0-draft\template
======================================================================
Terminology Cache is at C:\Users\franco.ulloa\Documents\sushi\R2BO_PUBLISH_Hl7\temp\ig-builds\hl7.fhir.cl.minsal.r2bo#0.3.0-draft\input\txcache. Clearing now (00:18.672 / 00:38.651, 124Mb)
Core Package hl7.fhir.r4.core#4.0.1                                                                  (00:00.016 / 00:38.668, 124Mb)
Running Terminology Log: C:\Users\FRANCO~1.ULL\AppData\Local\Temp\ohfu-fhir-ig-11267173531320502495.html
Connect to Terminology Server at https://tx.hl7chile.cl/r4                                           (00:07.379 / 00:46.047, 291Mb)
[39mLoad Package hl7.fhir.pubpack#0.2.5
[0;39m[39mLoad Package hl7.fhir.xver-extensions#0.1.0
[0;39m[39mLoad Package hl7.terminology.r4#7.3.0
[0;39m[39mLoad Package hl7.fhir.uv.extensions.r4#5.3.0
[0;39m[39mLoad Package hl7.fhir.uv.extensions.r4#5.2.0
[0;39m[39mLoad Package hl7.terminology.r4#7.0.0
[0;39m[39mLoad Package hl7.terminology.r4#6.5.0
[0;39m[39mLoad Package hl7.terminology.r4#6.1.0
[0;39m[39mLoad Package hl7.fhir.uv.extensions.r4#5.1.0
[0;39m[39mLoad Package hl7.fhir.cl.minsal.eis#0.1.0
[0;39m[39mLoad Package hl7.fhir.cl.clcore#1.9.4
[0;39m[39mLoad Package ihe.iti.balp#1.1.4
[0;39m[39mLoad Package ihe.iti.balp#1.1.4
[0;39m[39mLoad Package ihe.iti.pdqm#3.2.0
[0;39m[39mLoad Package ihe.iti.pixm#3.1.0
[0;39m[39mLoad Package hl7.fhir.cl.minsal.nid#0.4.9
[0;39m[39mLoad Package hl7.fhir.cl.clcore#1.9.4
[0;39m[39mLoad Package hl7.terminology.r4#6.2.0
[0;39m[39mLoad Package hl7.fhir.uv.genomics-reporting#2.0.0
[0;39m[39mLoad Package hl7.terminology.r4#5.0.0
[0;39m[39mLoad Package hl7.fhir.uv.extensions.r4#1.0.0
[0;39m[39mLoad Package hl7.fhir.uv.bulkdata#2.0.0
[0;39m[39mLoad Package hl7.fhir.uv.smart-app-launch#2.1.0
[0;39m[39mLoad Package us.nlm.vsac#0.11.0
[0;39mIgnore Dependency on Core FHIR hl7.fhir.r4.examples#4.0.1, from package 'hl7.fhir.uv.sdc#3.0.0'      (00:36.317 / 01:22.364, 726Mb)
[39mLoad Package hl7.fhir.uv.sdc#3.0.0
[0;39m[39mLoad Package us.cdc.phinvads#0.12.0
[0;39m[39mLoad Package ihe.formatcode.fhir#1.1.0
[0;39m[39mLoad Package hl7.fhir.us.core#6.1.0
[0;39m[39mLoad Package hl7.fhir.us.mcode#4.0.0
[0;39m[39mLoad Package hl7.fhir.uv.tools.r4#1.1.2
[0;39mLoad R5 Specials
Initialization complete                                                                              (00:04.388 / 01:26.753, 757Mb)
Load IG                                                                                              (00:00.002 / 01:26.755, 757Mb)
Load Content                                                                                         (00:00.011 / 01:26.767, 757Mb)
Using en as the default narrative language. (ImplementationGuide.language has been set)              (00:00.090 / 01:26.858, 769Mb)
Process Loaded Resources                                                                             (00:00.947 / 01:27.805, 827Mb)
Generating Snapshots                                                                                 (00:01.135 / 01:28.940, 1Gb)

Signing Certificate: RSA key for Subject: OU=IG Publisher, L=Ann Arbor, CN=hl7.org, O=HL7, ST=Missouri, C=us from: OU=IG Publisher, L=Ann Arbor, CN=hl7.org, O=HL7, ST=Missouri, C=us
Fetch https://interoperabilidad.minsal.cl/fhir/ig/r2bo/package-list.json for version check           (00:01.801 / 01:30.741, 1Gb)
Checking Language                                                                                    (00:00.107 / 01:30.849, 707Mb)
Load Dependency Info                                                                                 (00:00.005 / 01:30.854, 709Mb)
Load Info                                                                                            (00:00.005 / 01:30.859, 709Mb)
Load Paths                                                                                           (00:00.003 / 01:30.863, 711Mb)
Check R4 / R4B                                                                                       (00:00.002 / 01:30.865, 711Mb)
Assign Comparison Ids                                                                                (00:00.054 / 01:30.919, 721Mb)
Propagating status                                                                                   (00:00.003 / 01:30.923, 721Mb)
Generating Narratives                                                                                (00:00.003 / 01:30.926, 721Mb)
Validating Conformance Resources                                                                     (00:29.860 / 02:00.786, 1Gb)
Check profiles & code systems                                                                        (00:49.964 / 02:50.751, 2Gb)
Check realm rules                                                                                    (00:00.004 / 02:50.756, 2Gb)
Previous Version Comparison                                                                          (00:00.001 / 02:50.757, 2Gb)
.. loaded. Process                                                                                   (00:00.001 / 02:50.758, 2Gb)
finish previous version comparison                                                                   (00:00.001 / 02:50.760, 2Gb)
finish ipa version                                                                                   (00:00.001 / 02:50.761, 2Gb)
finish ips version                                                                                   (00:00.001 / 02:50.762, 2Gb)
comparisons done                                                                                     (00:00.001 / 02:50.764, 2Gb)
Checking for Bundles to sign                                                                         (00:00.036 / 02:50.801, 2Gb)
Validating Resources                                                                                 (00:00.001 / 02:50.802, 2Gb)
Processing Provenance Records                                                                        (00:10.850 / 03:01.653, 2Gb)
Generating Outputs in C:\Users\franco.ulloa\Documents\sushi\R2BO_PUBLISH_Hl7\temp\ig-builds\hl7.fhir.cl.minsal.r2bo#0.3.0-draft\output (00:00.002 / 03:01.655, 2Gb)
Generate Native Outputs                                                                              (00:04.665 / 03:06.320, 3Gb)
Run Template                                                                                         (00:17.139 / 03:23.459, 1Gb)
Generate HTML Outputs                                                                                (00:10.975 / 03:34.435, 1Gb)
Generate Spreadsheets                                                                                (00:31.778 / 04:06.214, 2Gb)
Generate Summaries                                                                                   (00:06.839 / 04:13.053, 2Gb)
Generating Summary Outputs                                                                           (00:00.001 / 04:13.054, 2Gb)
DB Cumulative Time invested: 00:00:00.612
Sending Usage Stats to Server                                                                        (01:13.700 / 05:26.755, 2Gb)
## Memory (MB): Use = 2434, Free = 1501, Total = 3936, Max = 7884                                    (00:00.020 / 05:26.776, 2Gb)
Reclaiming memory...                                                                                 (00:00.003 / 05:26.779, 2Gb)
Generating combined package                                                                          (00:00.008 / 05:26.787, 2Gb)
Error generating combined package: C:\Users\franco.ulloa\Documents\sushi\R2BO_PUBLISH_Hl7\temp\ig-builds\hl7.fhir.cl.minsal.r2bo#0.3.0-draft\output\package.tgz (El sistema no puede encontrar el archivo especificado) (00:00.017 / 05:26.805, 2Gb)
## Memory (MB): Use = 989, Free = 2370, Total = 3360, Max = 7884                                     (00:00.343 / 05:27.148, 991Mb)
Run jekyll: jekyll build --destination "C:\Users\franco.ulloa\Documents\sushi\R2BO_PUBLISH_Hl7\temp\ig-builds\hl7.fhir.cl.minsal.r2bo#0.3.0-draft\output" (in folder C:\Users\franco.ulloa\Documents\sushi\R2BO_PUBLISH_Hl7\temp\ig-builds\hl7.fhir.cl.minsal.r2bo#0.3.0-draft\temp\pages) (00:00.007 / 05:27.156, 991Mb)
Due to a known issue, Jekyll errors are lost between Java and Ruby in windows systems.               (00:00.004 / 05:27.161, 991Mb)
If the build process hangs at this point, you have to go to a                                        (00:00.001 / 05:27.163, 991Mb)
command prompt, and then run these two commands:                                                     (00:00.001 / 05:27.165, 991Mb)
                                                                                                     (00:00.001 / 05:27.166, 991Mb)
cd C:\Users\franco.ulloa\Documents\sushi\R2BO_PUBLISH_Hl7\temp\ig-builds\hl7.fhir.cl.minsal.r2bo#0.3.0-draft\temp\pages (00:00.002 / 05:27.169, 991Mb)
jekyll build --destination "C:\Users\franco.ulloa\Documents\sushi\R2BO_PUBLISH_Hl7\temp\ig-builds\hl7.fhir.cl.minsal.r2bo#0.3.0-draft\output" (00:00.002 / 05:27.171, 991Mb)
                                                                                                     (00:00.003 / 05:27.174, 991Mb)
and then investigate why Jekyll has failed                                                           (00:00.002 / 05:27.177, 991Mb)
Troubleshooting Note: usual cases for Jekyll to fail are:                                            (00:00.002 / 05:27.179, 991Mb)
* A failure to produce a fragment that is already logged in the output above                         (00:00.002 / 05:27.181, 991Mb)
* A reference to a manually edited file that hasn't been provided                                    (00:00.002 / 05:27.184, 991Mb)
Jekyll: Source: C:/Users/franco.ulloa/Documents/sushi/R2BO_PUBLISH_Hl7/temp/ig-builds/hl7.fhir.cl.minsal.r2bo#0.3.0-draft/temp/pages (00:02.228 / 05:29.412, 997Mb)
Jekyll: Generating...                                                                                (00:00.001 / 05:29.414, 997Mb)
Jekyll: done in 9.265 seconds.                                                                       (00:09.263 / 05:38.677, 999Mb)
[39m
[0;39m[39mInstalling hl7.fhir.cl.minsal.r2bo#0.3.0-draft
[0;39m[39m done.
[0;39m[39m loaded @ C:\Users\franco.ulloa\.fhir\packages\hl7.fhir.cl.minsal.r2bo#0.3.0-draft
[0;39mChecking Output HTML                                                                                 (00:06.326 / 05:45.004, 2Gb)
Processed C:\Users\franco.ulloa\Documents\sushi\R2BO_PUBLISH_Hl7\temp\ig-builds\hl7.fhir.cl.minsal.r2bo#0.3.0-draft\output - % reduction = 100 (89594170 ==> 525277)
found 1316 files                                                                                     (00:02.950 / 05:47.955, 1Gb)
.........................................
.........................................
  ... 1316 html files, 0 pages invalid xhtml (0%)                                                    (00:28.316 / 06:16.271, 1Gb)
  ... 258929 links, 0 broken links (0%)                                                              (00:00.002 / 06:16.274, 1Gb)
Generate fragment-usage-analysis.csv                                                                 (00:00.002 / 06:16.276, 1Gb)
Build final .zip                                                                                     (00:00.017 / 06:16.293, 1Gb)
Final .zip built                                                                                     (00:05.508 / 06:21.801, 2Gb)
Built. Times: loading: 00:04.084, generate: 05:24.447, narrative generation: 00:29.856, realm-rules: 00:00.001, previous-version: 00:00.007, jekyll: 00:11.551, validation: 01:00.560 (#59), template: 00:10.857 (#3) (00:33.495 / 06:55.297, 1Gb)
Generating QA                                                                                        (00:00.003 / 06:55.301, 1Gb)
Validation output in C:\Users\franco.ulloa\Documents\sushi\R2BO_PUBLISH_Hl7\temp\ig-builds\hl7.fhir.cl.minsal.r2bo#0.3.0-draft\output\qa.html
Errors: 0, Warnings: 12, Info: 28, Broken Links: 0 (00:00.367 / 06:55.669, 1Gb)
Finished @ 8/20/26, 12:32 PM. Max Memory Used = 3Gb. Log file saved in C:\Users\FRANCO~1.ULL\AppData\Local\Temp\fhir-ig-publisher-tmp.log (00:00.072 / 06:55.741, 1Gb)
Keep a copy of the build directory at C:\Users\franco.ulloa\Documents\sushi\R2BO_PUBLISH_Hl7\temp\web-root\run-20260820\ig-build-zips\hl7.fhir.cl.minsal.r2bo#0.3.0-draft.zip

ok. All checks passed. Publish v0.3.0-draft to C:\Users\franco.ulloa\Documents\sushi\R2BO_PUBLISH_Hl7\temp\web-root\run-20260820\0.3.0-draft
Copy the IG to C:\Users\franco.ulloa\Documents\sushi\R2BO_PUBLISH_Hl7\temp\web-root\run-20260820\0.3.0-draft
Update C:\Users\franco.ulloa\Documents\sushi\R2BO_PUBLISH_Hl7\temp\web-root\run-20260820\package-list.json
Publish Box Statement: This page is part of the Repositorio de Reportes de Biopsias Oncológicas (v0.3.0-draft: <a data-no-external="true" href="https://confluence.hl7.org/display/HL7/HL7+Balloting" title="Standard for Trial-Use">STU</a>1 Draft) based on <a data-no-external="true" href="http://hl7.org/fhir/R4">FHIR (HL7® FHIR® Standard) R4</a>. No current official version has been published yet.  For a full list of available versions, see the <a data-no-external="true" href="https://interoperabilidad.minsal.cl/fhir/ig/r2bo/history.html">Directory of published versions</a>
  .. 390 files checked, 390 updated
  .. 121 clones checked, 242 updated
  .. 16 redirections (16 created/updated)
Error in package-list.json:path to build.fhir.org should not use https://
hl7.fhir.cl.minsal.r2bo (https://interoperabilidad.minsal.cl/fhir/ig/r2bo): Repositorio de Reportes de Biopsias Oncológicas @ http://build.fhir.org/ig/MINSAL-CL/R2BO
  edition: STU1 Draft 0.3.0-draft/4.0.1 @ https://interoperabilidad.minsal.cl/fhir/ig/r2bo/0.3.0-draft
Build is complete. Copy from C:\Users\franco.ulloa\Documents\sushi\R2BO_PUBLISH_Hl7\temp\web-root\run-20260820
Update history page at C:\Users\franco.ulloa\Documents\sushi\R2BO_PUBLISH_Hl7\temp\web-root\run-20260820\ from C:\Users\franco.ulloa\Documents\sushi\R2BO_PUBLISH_Hl7\fhir-ig-history-template-master and C:/Users/franco.ulloa/Documents/sushi/R2BO_PUBLISH_Hl7/r2bo/templates
