FHIR IG Publisher Version 2.3.4 (Git# 7ae92f79415a). Built 2026-09-04T06:21:07.840Z (3 days old)
Detected Java version: 17.0.16 from C:\Program Files\Eclipse Adoptium\jdk-17.0.16.8-hotspot on amd64 (64bit). 7884MB available
dir = C:\Users\franco.ulloa\Documents\sushi\R2BO_PUBLISH_Hl7\R2BO_ig, path = C:\Users\franco.ulloa\AppData\Local\anaconda3;C:\Users\franco.ulloa\AppData\Local\anaconda3\Library\mingw-w64\bin;C:\Users\franco.ulloa\AppData\Local\anaconda3\Library\usr\bin;C:\Users\franco.ulloa\AppData\Local\anaconda3\Library\bin;C:\Users\franco.ulloa\AppData\Local\anaconda3\Scripts;C:\Users\franco.ulloa\AppData\Local\anaconda3\bin;C:\Users\franco.ulloa\AppData\Local\anaconda3\condabin;C:\Program Files\PowerShell\7;C:\Program Files\Eclipse Adoptium\jdk-17\bin;C:\Program Files\Eclipse Adoptium\jdk-17.0.16.8-hotspot\bin;C:\Program Files\Common Files\Oracle\Java\javapath;C:\Oracle\product\19.0.0\client_1\bin;C:\WINDOWS\system32;C:\WINDOWS;C:\WINDOWS\System32\Wbem;C:\WINDOWS\System32\WindowsPowerShell\v1.0;C:\WINDOWS\System32\OpenSSH;C:\Users\franco.ulloa\AppData\Roaming\nvm;C:\Program Files\nodejs;C:\Program Files\Amazon\AWSCLIV2;C:\Program Files\Eclipse Adoptium\jdk-17.0.16.8-hotspot\bin;C:\apache-maven-3.9.6\bin;C:\Program Files (x86)\Agfa\IMPAX RIS\RIS 6.4.3;C:\Program Files (x86)\Agfa\IMPAX RIS\RIS 6.4.3\Axis2c\lib;C:\Program Files\Git LFS;C:\Program Files\GitHub CLI;C:\Program Files\MySQL\MySQL Shell 8.0\bin;C:\Ruby34-x64\bin;C:\Ruby32-x64\bin;C:\Users\franco.ulloa\AppData\Local\Microsoft\WindowsApps;C:\Users\franco.ulloa\AppData\Local\Programs\Microsoft VS Code\bin;C:\Program Files\JetBrains\DataGrip 2023.3.3\b;C:\Program Files\Git\cmd;C:\Program Files\dotnet;C:\Program Files\Docker\Docker\resources\bin;C:\Program Files\PowerShell\7;C:\Users\franco.ulloa\AppData\Local\anaconda3;C:\Users\franco.ulloa\AppData\Local\anaconda3\Library\mingw-w64\bin;C:\Users\franco.ulloa\AppData\Local\anaconda3\Library\usr\bin;C:\Users\franco.ulloa\AppData\Local\anaconda3\Library\bin;C:\Users\franco.ulloa\AppData\Local\anaconda3\Scripts;C:\Program Files\MySQL\MySQL Shell 8.0\bin;C:\Ruby34-x64\bin;C:\Ruby32-x64\bin;C:\Users\franco.ulloa\AppData\Local\Microsoft\WindowsApps;C:\Users\franco.ulloa\AppData\Roaming\nvm;C:\Program Files\nodejs;C:\Users\franco.ulloa\AppData\Local\Programs\Microsoft VS Code\bin;C:\Program Files\JetBrains\DataGrip 2023.3.3\bin;.;C:\Program Files\Eclipse Adoptium\jdk-17.0.16.8-hotspot;C:\Program Files\Eclipse Adoptium\jdk-17.0.16.8-hotspot\bin;C:\apache-maven-3.9.6\bin;C:\FHIRServer;C:\Users\franco.ulloa\flutter\bin;C:\Users\franco.ulloa\AppData\Local\GitHubDesktop\bin;C:\Users\franco.ulloa\AppData\Local\Microsoft\WinGet\Links;.;C:\Program Files\Graphviz\bin
Parameters: -ig . -go-publish -source C:/Users/franco.ulloa/Documents/sushi/R2BO_PUBLISH_Hl7/R2BO_ig -web C:/Users/franco.ulloa/Documents/sushi/R2BO_PUBLISH_Hl7/r2bo -registry C:/Users/franco.ulloa/Documents/sushi/ig-registry/fhir-ig-list.json -history C:/Users/franco.ulloa/Documents/sushi/R2BO_PUBLISH_Hl7//fhir-ig-history-template-master/ -temp C:/Users/franco.ulloa/Documents/sushi/R2BO_PUBLISH_Hl7/temp -templates C:/Users/franco.ulloa/Documents/sushi/R2BO_PUBLISH_Hl7/r2bo/templates -tx https://tx.hl7chile.cl/r4
---------------
Publication Run: publish C:/Users/franco.ulloa/Documents/sushi/R2BO_PUBLISH_Hl7/R2BO_ig to C:/Users/franco.ulloa/Documents/sushi/R2BO_PUBLISH_Hl7/r2bo
Relative directory for IG is '\'
===== Web Publication Run Details ===============================
 Source IG: hl7.fhir.cl.minsal.r2bo#0.3.1-draft : https://interoperabilidad.minsal.cl/fhir/ig/r2bo (R4) from C:/Users/franco.ulloa/Documents/sushi/R2BO_PUBLISH_Hl7/R2BO_ig
All checks passed. Do the publication build from C:\Users\franco.ulloa\Documents\sushi\R2BO_PUBLISH_Hl7\R2BO_ig and publish to C:\Users\franco.ulloa\Documents\sushi\R2BO_PUBLISH_Hl7\temp\web-root\run-20260907\
Prepare Build space in C:\Users\franco.ulloa\Documents\sushi\R2BO_PUBLISH_Hl7\temp\ig-builds\hl7.fhir.cl.minsal.r2bo#0.3.1-draft
Build IG at C:\Users\franco.ulloa\Documents\sushi\R2BO_PUBLISH_Hl7\R2BO_ig: final copy suitable for publication (in C:\Users\franco.ulloa\Documents\sushi\R2BO_PUBLISH_Hl7\temp\ig-builds\hl7.fhir.cl.minsal.r2bo#0.3.1-draft)
FHIR IG Publisher Version 2.3.4 (Git# 7ae92f79415a). Built 2026-09-04T06:21:07.840Z (3 days old)    
Detected Java version: 17.0.16 from C:\Program Files\Eclipse Adoptium\jdk-17.0.16.8-hotspot on Windows 11/amd64 (64bit). 7884MB available
dir = C:\Users\franco.ulloa\Documents\sushi\R2BO_PUBLISH_Hl7\R2BO_ig, path = C:\Users\franco.ulloa\AppData\Local\anaconda3;C:\Users\franco.ulloa\AppData\Local\anaconda3\Library\mingw-w64\bin;C:\Users\franco.ulloa\AppData\Local\anaconda3\Library\usr\bin;C:\Users\franco.ulloa\AppData\Local\anaconda3\Library\bin;C:\Users\franco.ulloa\AppData\Local\anaconda3\Scripts;C:\Users\franco.ulloa\AppData\Local\anaconda3\bin;C:\Users\franco.ulloa\AppData\Local\anaconda3\condabin;C:\Program Files\PowerShell\7;C:\Program Files\Eclipse Adoptium\jdk-17\bin;C:\Program Files\Eclipse Adoptium\jdk-17.0.16.8-hotspot\bin;C:\Program Files\Common Files\Oracle\Java\javapath;C:\Oracle\product\19.0.0\client_1\bin;C:\WINDOWS\system32;C:\WINDOWS;C:\WINDOWS\System32\Wbem;C:\WINDOWS\System32\WindowsPowerShell\v1.0;C:\WINDOWS\System32\OpenSSH;C:\Users\franco.ulloa\AppData\Roaming\nvm;C:\Program Files\nodejs;C:\Program Files\Amazon\AWSCLIV2;C:\Program Files\Eclipse Adoptium\jdk-17.0.16.8-hotspot\bin;C:\apache-maven-3.9.6\bin;C:\Program Files (x86)\Agfa\IMPAX RIS\RIS 6.4.3;C:\Program Files (x86)\Agfa\IMPAX RIS\RIS 6.4.3\Axis2c\lib;C:\Program Files\Git LFS;C:\Program Files\GitHub CLI;C:\Program Files\MySQL\MySQL Shell 8.0\bin;C:\Ruby34-x64\bin;C:\Ruby32-x64\bin;C:\Users\franco.ulloa\AppData\Local\Microsoft\WindowsApps;C:\Users\franco.ulloa\AppData\Local\Programs\Microsoft VS Code\bin;C:\Program Files\JetBrains\DataGrip 2023.3.3\b;C:\Program Files\Git\cmd;C:\Program Files\dotnet;C:\Program Files\Docker\Docker\resources\bin;C:\Program Files\PowerShell\7;C:\Users\franco.ulloa\AppData\Local\anaconda3;C:\Users\franco.ulloa\AppData\Local\anaconda3\Library\mingw-w64\bin;C:\Users\franco.ulloa\AppData\Local\anaconda3\Library\usr\bin;C:\Users\franco.ulloa\AppData\Local\anaconda3\Library\bin;C:\Users\franco.ulloa\AppData\Local\anaconda3\Scripts;C:\Program Files\MySQL\MySQL Shell 8.0\bin;C:\Ruby34-x64\bin;C:\Ruby32-x64\bin;C:\Users\franco.ulloa\AppData\Local\Microsoft\WindowsApps;C:\Users\franco.ulloa\AppData\Roaming\nvm;C:\Program Files\nodejs;C:\Users\franco.ulloa\AppData\Local\Programs\Microsoft VS Code\bin;C:\Program Files\JetBrains\DataGrip 2023.3.3\bin;.;C:\Program Files\Eclipse Adoptium\jdk-17.0.16.8-hotspot;C:\Program Files\Eclipse Adoptium\jdk-17.0.16.8-hotspot\bin;C:\apache-maven-3.9.6\bin;C:\FHIRServer;C:\Users\franco.ulloa\flutter\bin;C:\Users\franco.ulloa\AppData\Local\GitHubDesktop\bin;C:\Users\franco.ulloa\AppData\Local\Microsoft\WinGet\Links;.;C:\Program Files\Graphviz\bin
Parameters: -publish https://interoperabilidad.minsal.cl/fhir/ig/r2bo/0.3.1-draft -no-exit -tx https://tx.hl7chile.cl/r4 -ig C:\Users\franco.ulloa\Documents\sushi\R2BO_PUBLISH_Hl7\temp\ig-builds\hl7.fhir.cl.minsal.r2bo#0.3.1-draft -resetTx
Character encoding = UTF-8 / UTF-8                                                                  
Start Clock @ lunes, 7 de septiembre de 2026, 15:55:08 (hora de verano de Chile) (2026-09-07T15:55:08-03:00)
                                                                                                    
Build FHIR IG from C:\Users\franco.ulloa\Documents\sushi\R2BO_PUBLISH_Hl7\temp\ig-builds\hl7.fhir.cl.minsal.r2bo#0.3.1-draft (00:00.145 / 00:00.146, 66Mb)
Build Formal Publication package, intended for https://interoperabilidad.minsal.cl/fhir/ig/r2bo/0.3.1-draft (00:00.002 / 00:00.148, 66Mb)
No FHIR settings file at C:\Users\franco.ulloa\.fhir\fhir-settings.json; using defaults (no API keys or npm path) (00:00.003 / 00:00.152, 66Mb)
Package Cache: C:\Users\franco.ulloa\.fhir\packages                                                  (00:00.017 / 00:00.169, 68Mb)
Run Sushi on C:\Users\franco.ulloa\Documents\sushi\R2BO_PUBLISH_Hl7\temp\ig-builds\hl7.fhir.cl.minsal.r2bo#0.3.1-draft (00:00.031 / 00:00.200, 68Mb)
Sushi: info  Running SUSHI v3.20.1 (implements FHIR Shorthand specification v3.0.0)                  (00:01.221 / 00:01.422, 72Mb)
Sushi: info  Arguments:                                                                              (00:00.001 / 00:01.423, 72Mb)
Sushi: info    --require-latest                                                                      (00:00.001 / 00:01.425, 72Mb)
Sushi: info    --out C:\Users\franco.ulloa\Documents\sushi\R2BO_PUBLISH_Hl7\temp\ig-builds\hl7.fhir.cl.minsal.r2bo#0.3.1-draft (00:00.001 / 00:01.426, 72Mb)
Sushi: info    C:\Users\franco.ulloa\Documents\sushi\R2BO_PUBLISH_Hl7\temp\ig-builds\hl7.fhir.cl.minsal.r2bo#0.3.1-draft (00:00.001 / 00:01.427, 72Mb)
Sushi: info  Using configuration file: C:\Users\franco.ulloa\Documents\sushi\R2BO_PUBLISH_Hl7\temp\ig-builds\hl7.fhir.cl.minsal.r2bo#0.3.1-draft\sushi-config.yaml (00:01.445 / 00:02.873, 72Mb)
Sushi: info  Importing FSH text...                                                                   (00:00.147 / 00:03.021, 72Mb)
Sushi: info  Preprocessed 60 documents with 17 aliases.                                              (00:00.438 / 00:03.459, 72Mb)
Sushi: info  Imported 38 definitions and 41 instances.                                               (00:00.068 / 00:03.527, 72Mb)
Sushi: info  Loaded virtual package sushi-r5forR4#1.0.0 with 7 resources                             (00:00.148 / 00:03.676, 72Mb)
Sushi: info  Resolved hl7.fhir.uv.tools.r4#latest to concrete version 1.1.2                          (00:01.022 / 00:04.699, 72Mb)
Sushi: info  Loaded hl7.fhir.uv.tools.r4#1.1.2 with 119 resources                                    (00:00.088 / 00:04.787, 72Mb)
Sushi: info  Resolved hl7.terminology.r4#latest to concrete version 7.3.0                            (00:00.226 / 00:05.014, 72Mb)
Sushi: info  Loaded hl7.terminology.r4#7.3.0 with 4176 resources                                     (00:01.834 / 00:06.848, 72Mb)
Sushi: info  Loaded hl7.fhir.cl.minsal.nid#0.4.9 with 89 resources                                   (00:00.048 / 00:06.897, 72Mb)
Sushi: info  Loaded hl7.fhir.cl.clcore#1.9.4 with 74 resources                                       (00:00.077 / 00:06.975, 72Mb)
Sushi: info  Loaded hl7.fhir.us.mcode#4.0.0 with 171 resources                                       (00:00.112 / 00:07.087, 72Mb)
Sushi: info  Loaded hl7.fhir.r4.core#4.0.1 with 4581 resources                                       (00:01.868 / 00:08.956, 72Mb)
Sushi: info  Resolved hl7.fhir.uv.extensions.r4#latest to concrete version 5.3.0                     (00:00.234 / 00:09.191, 72Mb)
Sushi: info  Loaded hl7.fhir.uv.extensions.r4#5.3.0 with 885 resources                               (00:00.384 / 00:09.575, 72Mb)
Sushi: info  Loaded virtual package sushi-local#LOCAL with 0 resources                               (00:00.008 / 00:09.584, 72Mb)
Sushi: info  Converting FSH to FHIR resources...                                                     (00:00.032 / 00:09.616, 72Mb)
Sushi: info  Converted 16 FHIR StructureDefinitions.                                                 (00:02.288 / 00:11.905, 72Mb)
Sushi: info  Converted 1 FHIR CodeSystems.                                                           (00:00.029 / 00:11.935, 72Mb)
Sushi: info  Converted 21 FHIR ValueSets.                                                            (00:00.289 / 00:12.224, 72Mb)
Sushi: warn  http://hl7.org/fhir/StructureDefinition/geolocation|5.2.0 was requested, but SUSHI found http://hl7.org/fhir/StructureDefinition/geolocation|5.3.0 (00:01.377 / 00:13.602, 72Mb)
Sushi: info  Converted 41 FHIR instances.                                                            (00:01.465 / 00:15.068, 72Mb)
Sushi: info  Exporting FHIR resources as JSON...                                                     (00:00.006 / 00:15.074, 72Mb)
Sushi: info  Exported 57 FHIR resources as JSON.                                                     (00:00.128 / 00:15.203, 72Mb)
Sushi: info  Assembling Implementation Guide sources...                                              (00:00.004 / 00:15.208, 72Mb)
Sushi: info  Generated ImplementationGuide-hl7.fhir.cl.minsal.r2bo.json                              (00:00.031 / 00:15.239, 72Mb)
Sushi: info  Assembled Implementation Guide sources; ready for IG Publisher.                         (00:00.001 / 00:15.241, 72Mb)
Sushi: ========================= SUSHI RESULTS ===========================                           (00:00.001 / 00:15.243, 72Mb)
Sushi: |  -------------------------------------------------------------  |                           (00:00.001 / 00:15.244, 72Mb)
Sushi: | |    Profiles   |  Extensions  |   Logicals   |   Resources   | |                           (00:00.001 / 00:15.246, 72Mb)
Sushi: | |-------------------------------------------------------------| |                           (00:00.007 / 00:15.254, 72Mb)
Sushi: | |      12       |      2       |      2       |       0       | |                           (00:00.009 / 00:15.263, 72Mb)
Sushi: |  -------------------------------------------------------------  |                           (00:00.003 / 00:15.266, 72Mb)
Sushi: |  -------------------------------------------------------------  |                           (00:00.002 / 00:15.268, 72Mb)
Sushi: | |      ValueSets     |    CodeSystems    |     Instances      | |                           (00:00.002 / 00:15.270, 72Mb)
Sushi: | |-------------------------------------------------------------| |                           (00:00.001 / 00:15.272, 72Mb)
Sushi: | |         21         |         1         |         41         | |                           (00:00.001 / 00:15.273, 72Mb)
Sushi: |  -------------------------------------------------------------  |                           (00:00.001 / 00:15.274, 72Mb)
Sushi: |                                                                 |                           (00:00.001 / 00:15.276, 72Mb)
Sushi: ===================================================================                           (00:00.001 / 00:15.277, 72Mb)
Sushi: | Let minnow if you need some help       0 Errors       1 Warning |                           (00:00.001 / 00:15.278, 72Mb)
Sushi: ===================================================================                           (00:00.001 / 00:15.279, 72Mb)
Root directory: C:\Users\franco.ulloa\Documents\sushi\R2BO_PUBLISH_Hl7\temp\ig-builds\hl7.fhir.cl.minsal.r2bo#0.3.1-draft (00:00.036 / 00:15.315, 72Mb)
Unable to load IG as an r5 IG - try R4 (property code is a class com.google.gson.JsonPrimitive looking for an object) (00:00.573 / 00:15.889, 66Mb)
Load Template from hl7chile-ig-template                                                              (00:00.674 / 00:16.563, 24Mb)
 Load Template from fhir.base.template#current                                                       (00:00.029 / 00:16.592, 24Mb)
[33mThis content depends on fhir.base.template which is no longer considered secure to use
[0;39m[33mSee Security notification at https://www.fhir.org/guides/security-notices/2026-03-npm-dependencies.html
[0;39mScanning directory: C:\Users\franco.ulloa\Documents\sushi\R2BO_PUBLISH_Hl7\temp\ig-builds\hl7.fhir.cl.minsal.r2bo#0.3.1-draft\template
======================================================================
Terminology Cache is at C:\Users\franco.ulloa\Documents\sushi\R2BO_PUBLISH_Hl7\temp\ig-builds\hl7.fhir.cl.minsal.r2bo#0.3.1-draft\input\txcache. Clearing now (00:14.780 / 00:31.373, 101Mb)
Core Package hl7.fhir.r4.core#4.0.1                                                                  (00:00.015 / 00:31.388, 101Mb)
Running Terminology Log: C:\Users\FRANCO~1.ULL\AppData\Local\Temp\ohfu-fhir-ig-12038620874102864012.html
Connect to Terminology Server at https://tx.hl7chile.cl/r4                                           (00:05.218 / 00:36.608, 422Mb)
[39mLoad Package hl7.fhir.pubpack#0.2.5
[0;39m[39mLoad Package hl7.fhir.xver-extensions#0.1.0
[0;39m[39mLoad Package hl7.terminology.r4#7.3.0
[0;39m[39mLoad Package hl7.fhir.uv.extensions.r4#5.3.0
[0;39m[39mLoad Package hl7.fhir.uv.extensions.r4#5.2.0
[0;39m[39mLoad Package hl7.terminology.r4#7.0.0
[0;39m[39mLoad Package hl7.terminology.r4#6.5.0
[0;39m[39mLoad Package hl7.terminology.r4#6.1.0
[0;39m[39mLoad Package hl7.fhir.uv.extensions.r4#5.1.0
[0;39m[39mLoad Package hl7.fhir.cl.minsal.eis#0.1.0
[0;39m[39mLoad Package hl7.fhir.cl.clcore#1.9.4
[0;39m[39mLoad Package ihe.iti.balp#1.1.4
[0;39m[39mLoad Package ihe.iti.balp#1.1.4
[0;39m[39mLoad Package ihe.iti.pdqm#3.2.0
[0;39m[39mLoad Package ihe.iti.pixm#3.1.0
[0;39m[39mLoad Package hl7.fhir.cl.minsal.nid#0.4.9
[0;39m[39mLoad Package hl7.fhir.cl.clcore#1.9.4
[0;39m[39mLoad Package hl7.terminology.r4#6.2.0
[0;39m[39mLoad Package hl7.fhir.uv.genomics-reporting#2.0.0
[0;39m[39mLoad Package hl7.terminology.r4#5.0.0
[0;39m[39mLoad Package hl7.fhir.uv.extensions.r4#1.0.0
[0;39m[39mLoad Package hl7.fhir.uv.bulkdata#2.0.0
[0;39m[39mLoad Package hl7.fhir.uv.smart-app-launch#2.1.0
[0;39m[39mLoad Package us.nlm.vsac#0.11.0
[0;39mIgnore Dependency on Core FHIR hl7.fhir.r4.examples#4.0.1, from package 'hl7.fhir.uv.sdc#3.0.0'      (00:52.733 / 01:29.340, 1Gb)
[39mLoad Package hl7.fhir.uv.sdc#3.0.0
[0;39m[39mLoad Package us.cdc.phinvads#0.12.0
[0;39m[39mLoad Package ihe.formatcode.fhir#1.1.0
[0;39m[39mLoad Package hl7.fhir.us.core#6.1.0
[0;39m[39mLoad Package hl7.fhir.us.mcode#4.0.0
[0;39m[39mLoad Package hl7.fhir.uv.tools.r4#1.1.2
[0;39mLoad R5 Specials
Initialization complete                                                                              (00:03.634 / 01:32.975, 1Gb)
Load IG                                                                                              (00:00.001 / 01:32.977, 1Gb)
Load Content                                                                                         (00:00.006 / 01:32.983, 1Gb)
Using en as the default narrative language. (ImplementationGuide.language has been set)              (00:00.072 / 01:33.056, 1Gb)
Process Loaded Resources                                                                             (00:00.704 / 01:33.760, 1Gb)
Generating Snapshots                                                                                 (00:00.869 / 01:34.630, 718Mb)

Signing Certificate: RSA key for Subject: OU=IG Publisher, L=Ann Arbor, CN=hl7.org, O=HL7, ST=Missouri, C=us from: OU=IG Publisher, L=Ann Arbor, CN=hl7.org, O=HL7, ST=Missouri, C=us
Fetch https://interoperabilidad.minsal.cl/fhir/ig/r2bo/package-list.json for version check           (00:00.910 / 01:35.541, 958Mb)
Checking Language                                                                                    (00:00.271 / 01:35.812, 968Mb)
Load Dependency Info                                                                                 (00:00.002 / 01:35.815, 968Mb)
Load Info                                                                                            (00:00.007 / 01:35.823, 968Mb)
Load Paths                                                                                           (00:00.001 / 01:35.825, 970Mb)
Check R4 / R4B                                                                                       (00:00.001 / 01:35.826, 970Mb)
Assign Comparison Ids                                                                                (00:00.058 / 01:35.885, 980Mb)
Propagating status                                                                                   (00:00.002 / 01:35.887, 980Mb)
Generating Narratives                                                                                (00:00.001 / 01:35.889, 980Mb)
Validating Conformance Resources                                                                     (30:33.155 / 32:09.044, 1Gb)
Check profiles & code systems                                                                        (26:11.085 / 58:20.129, 1Gb)
Check realm rules                                                                                    (00:00.004 / 58:20.134, 1Gb)
Previous Version Comparison                                                                          (00:00.001 / 58:20.136, 1Gb)
Comparing previous version 0.3.0-draft                                                               (00:00.001 / 58:20.137, 1Gb)
.. loaded. Process                                                                                   (01:06.881 / 59:27.019, 1Gb)
finish previous version comparison                                                                   (00:00.001 / 59:27.021, 1Gb)
finish ipa version                                                                                   (00:06.387 / 59:33.408, 2Gb)
finish ips version                                                                                   (00:00.003 / 59:33.411, 2Gb)
comparisons done                                                                                     (00:00.002 / 59:33.414, 2Gb)
Checking for Bundles to sign                                                                         (00:00.047 / 59:33.461, 2Gb)
Validating Resources                                                                                 (00:00.002 / 59:33.464, 2Gb)
Processing Provenance Records                                                                        (00:11.030 / 59:44.494, 2Gb)
Generating Outputs in C:\Users\franco.ulloa\Documents\sushi\R2BO_PUBLISH_Hl7\temp\ig-builds\hl7.fhir.cl.minsal.r2bo#0.3.1-draft\output (00:00.002 / 59:44.496, 2Gb)
Generate Native Outputs                                                                              (00:04.541 / 59:49.038, 2Gb)
Run Template                                                                                         (00:22.164 / 01:00:11.203, 1Gb)
Generate HTML Outputs                                                                                (00:06.876 / 01:00:18.079, 1Gb)
Generate Spreadsheets                                                                                (00:27.892 / 01:00:45.972, 2Gb)
Generate Summaries                                                                                   (00:05.955 / 01:00:51.927, 2Gb)
Generating Summary Outputs                                                                           (00:00.001 / 01:00:51.929, 2Gb)
[1;31mOperation took too long - longer than 60000ms
[0;39m[1;31m 1 includeCodes
[0;39m[1;31m 1 doServerIncludeCodes
[0;39m[1;31m 79285 addCodeAndDescendents
[0;39mDB Cumulative Time invested: 00:00:00.643
Sending Usage Stats to Server                                                                        (02:39.190 / 01:03:31.119, 2Gb)
## Memory (MB): Use = 2055, Free = 1404, Total = 3460, Max = 7884                                    (00:00.007 / 01:03:31.126, 2Gb)
Reclaiming memory...                                                                                 (00:00.001 / 01:03:31.127, 2Gb)
Generating combined package                                                                          (00:00.006 / 01:03:31.134, 2Gb)
Error generating combined package: C:\Users\franco.ulloa\Documents\sushi\R2BO_PUBLISH_Hl7\temp\ig-builds\hl7.fhir.cl.minsal.r2bo#0.3.1-draft\output\package.tgz (El sistema no puede encontrar el archivo especificado) (00:00.003 / 01:03:31.138, 2Gb)
## Memory (MB): Use = 1529, Free = 1930, Total = 3460, Max = 7884                                    (00:00.410 / 01:03:31.548, 1Gb)
Run jekyll: jekyll build --destination "C:\Users\franco.ulloa\Documents\sushi\R2BO_PUBLISH_Hl7\temp\ig-builds\hl7.fhir.cl.minsal.r2bo#0.3.1-draft\output" (in folder C:\Users\franco.ulloa\Documents\sushi\R2BO_PUBLISH_Hl7\temp\ig-builds\hl7.fhir.cl.minsal.r2bo#0.3.1-draft\temp\pages) (00:00.006 / 01:03:31.555, 1Gb)
Due to a known issue, Jekyll errors are lost between Java and Ruby in windows systems.               (00:00.003 / 01:03:31.559, 1Gb)
If the build process hangs at this point, you have to go to a                                        (00:00.001 / 01:03:31.560, 1Gb)
command prompt, and then run these two commands:                                                     (00:00.001 / 01:03:31.562, 1Gb)
                                                                                                     (00:00.001 / 01:03:31.563, 1Gb)
cd C:\Users\franco.ulloa\Documents\sushi\R2BO_PUBLISH_Hl7\temp\ig-builds\hl7.fhir.cl.minsal.r2bo#0.3.1-draft\temp\pages (00:00.001 / 01:03:31.564, 1Gb)
jekyll build --destination "C:\Users\franco.ulloa\Documents\sushi\R2BO_PUBLISH_Hl7\temp\ig-builds\hl7.fhir.cl.minsal.r2bo#0.3.1-draft\output" (00:00.002 / 01:03:31.566, 1Gb)
                                                                                                     (00:00.001 / 01:03:31.568, 1Gb)
and then investigate why Jekyll has failed                                                           (00:00.001 / 01:03:31.569, 1Gb)
Troubleshooting Note: usual cases for Jekyll to fail are:                                            (00:00.001 / 01:03:31.571, 1Gb)
* A failure to produce a fragment that is already logged in the output above                         (00:00.001 / 01:03:31.572, 1Gb)
* A reference to a manually edited file that hasn't been provided                                    (00:00.001 / 01:03:31.573, 1Gb)
Jekyll: Source: C:/Users/franco.ulloa/Documents/sushi/R2BO_PUBLISH_Hl7/temp/ig-builds/hl7.fhir.cl.minsal.r2bo#0.3.1-draft/temp/pages (00:02.691 / 01:03:34.265, 1Gb)
Jekyll: Generating...                                                                                (00:00.001 / 01:03:34.266, 1Gb)
Jekyll: done in 16.028 seconds.                                                                      (00:16.025 / 01:03:50.292, 1Gb)
[39m
[0;39m[39mInstalling hl7.fhir.cl.minsal.r2bo#0.3.1-draft
[0;39m[39m done.
[0;39m[39m loaded @ C:\Users\franco.ulloa\.fhir\packages\hl7.fhir.cl.minsal.r2bo#0.3.1-draft
[0;39mChecking Output HTML                                                                                 (00:06.247 / 01:03:56.540, 2Gb)
Processed C:\Users\franco.ulloa\Documents\sushi\R2BO_PUBLISH_Hl7\temp\ig-builds\hl7.fhir.cl.minsal.r2bo#0.3.1-draft\output - % reduction = 100 (89346002 ==> 511379)
found 1300 files                                                                                     (00:02.687 / 01:03:59.227, 2Gb)
........................................
........................................
  ... 1300 html files, 0 pages invalid xhtml (0%)                                                    (00:33.036 / 01:04:32.264, 1Gb)
  ... 256193 links, 0 broken links (0%)                                                              (00:00.001 / 01:04:32.265, 1Gb)
Generate fragment-usage-analysis.csv                                                                 (00:00.007 / 01:04:32.273, 1Gb)
Build final .zip                                                                                     (00:00.022 / 01:04:32.295, 1Gb)
Final .zip built                                                                                     (00:08.807 / 01:04:41.103, 1Gb)
Built. Times: loading: 00:02.830, generate: 01:03:40.386, narrative generation: 30:33.153, realm-rules: 00:00.001, previous-version: 01:13.278, jekyll: 00:18.797, validation: 26:21.855 (#58), template: 00:06.787 (#3) (00:35.097 / 01:05:16.200, 2Gb)
Generating QA                                                                                        (00:00.003 / 01:05:16.203, 2Gb)
Validation output in C:\Users\franco.ulloa\Documents\sushi\R2BO_PUBLISH_Hl7\temp\ig-builds\hl7.fhir.cl.minsal.r2bo#0.3.1-draft\output\qa.html
Errors: 0, Warnings: 14, Info: 28, Broken Links: 0 (00:00.335 / 01:05:16.538, 2Gb)
Finished @ 9/7/26, 5:00 PM. Max Memory Used = 2Gb. Log file saved in C:\Users\FRANCO~1.ULL\AppData\Local\Temp\fhir-ig-publisher-tmp.log (00:00.037 / 01:05:16.576, 2Gb)
Keep a copy of the build directory at C:\Users\franco.ulloa\Documents\sushi\R2BO_PUBLISH_Hl7\temp\web-root\run-20260907\ig-build-zips\hl7.fhir.cl.minsal.r2bo#0.3.1-draft.zip

ok. All checks passed. Publish v0.3.1-draft to C:\Users\franco.ulloa\Documents\sushi\R2BO_PUBLISH_Hl7\temp\web-root\run-20260907\0.3.1-draft
Copy the IG to C:\Users\franco.ulloa\Documents\sushi\R2BO_PUBLISH_Hl7\temp\web-root\run-20260907\0.3.1-draft
Update C:\Users\franco.ulloa\Documents\sushi\R2BO_PUBLISH_Hl7\temp\web-root\run-20260907\package-list.json
Publish Box Statement: This page is part of the Repositorio de Reportes de Biopsias Oncológicas (v0.3.1-draft: <a data-no-external="true" href="https://confluence.hl7.org/display/HL7/HL7+Balloting" title="Standard for Trial-Use">STU</a>1 Draft) based on <a data-no-external="true" href="http://hl7.org/fhir/R4">FHIR (HL7® FHIR® Standard) R4</a>. No current official version has been published yet.  For a full list of available versions, see the <a data-no-external="true" href="https://interoperabilidad.minsal.cl/fhir/ig/r2bo/history.html">Directory of published versions</a>
  .. 382 files checked, 382 updated
  .. 197 clones checked, 394 updated
  .. 16 redirections (16 created/updated)
Error in package-list.json:path to build.fhir.org should not use https://
hl7.fhir.cl.minsal.r2bo (https://interoperabilidad.minsal.cl/fhir/ig/r2bo): Repositorio de Reportes de Biopsias Oncológicas @ http://build.fhir.org/ig/MINSAL-CL/R2BO
  edition: STU1 Draft 0.3.1-draft/4.0.1 @ https://interoperabilidad.minsal.cl/fhir/ig/r2bo/0.3.1-draft
Build is complete. Copy from C:\Users\franco.ulloa\Documents\sushi\R2BO_PUBLISH_Hl7\temp\web-root\run-20260907
Update history page at C:\Users\franco.ulloa\Documents\sushi\R2BO_PUBLISH_Hl7\temp\web-root\run-20260907\ from C:\Users\franco.ulloa\Documents\sushi\R2BO_PUBLISH_Hl7\fhir-ig-history-template-master and C:/Users/franco.ulloa/Documents/sushi/R2BO_PUBLISH_Hl7/r2bo/templates
