FHIR IG Publisher Version 2.3.0 (Git# d845ec9ba68a). Built 2026-07-31T16:10:46.817Z (5 days old)
Detected Java version: 17.0.16 from C:\Program Files\Eclipse Adoptium\jdk-17.0.16.8-hotspot on amd64 (64bit). 7884MB available
dir = C:\Users\franco.ulloa\Documents\sushi\eis_publish_hl7\eis, path = C:\Users\franco.ulloa\AppData\Local\anaconda3;C:\Users\franco.ulloa\AppData\Local\anaconda3\Library\mingw-w64\bin;C:\Users\franco.ulloa\AppData\Local\anaconda3\Library\usr\bin;C:\Users\franco.ulloa\AppData\Local\anaconda3\Library\bin;C:\Users\franco.ulloa\AppData\Local\anaconda3\Scripts;C:\Users\franco.ulloa\AppData\Local\anaconda3\bin;C:\Users\franco.ulloa\AppData\Local\anaconda3\condabin;C:\Program Files\PowerShell\7;C:\Program Files\Eclipse Adoptium\jdk-17\bin;C:\Program Files\Eclipse Adoptium\jdk-17.0.16.8-hotspot\bin;C:\Program Files\Common Files\Oracle\Java\javapath;C:\Oracle\product\19.0.0\client_1\bin;C:\WINDOWS\system32;C:\WINDOWS;C:\WINDOWS\System32\Wbem;C:\WINDOWS\System32\WindowsPowerShell\v1.0;C:\WINDOWS\System32\OpenSSH;C:\Users\franco.ulloa\AppData\Roaming\nvm;C:\Program Files\nodejs;C:\Program Files\Amazon\AWSCLIV2;C:\Program Files\Eclipse Adoptium\jdk-17.0.16.8-hotspot\bin;C:\apache-maven-3.9.6\bin;C:\Program Files (x86)\Agfa\IMPAX RIS\RIS 6.4.3;C:\Program Files (x86)\Agfa\IMPAX RIS\RIS 6.4.3\Axis2c\lib;C:\Program Files\Git LFS;C:\Program Files\GitHub CLI;C:\Program Files\MySQL\MySQL Shell 8.0\bin;C:\Ruby34-x64\bin;C:\Ruby32-x64\bin;C:\Users\franco.ulloa\AppData\Local\Microsoft\WindowsApps;C:\Users\franco.ulloa\AppData\Local\Programs\Microsoft VS Code\bin;C:\Program Files\JetBrains\DataGrip 2023.3.3\b;C:\Program Files\Git\cmd;C:\Program Files\dotnet;C:\Program Files\Docker\Docker\resources\bin;C:\Program Files\PowerShell\7;C:\Users\franco.ulloa\AppData\Local\anaconda3;C:\Users\franco.ulloa\AppData\Local\anaconda3\Library\mingw-w64\bin;C:\Users\franco.ulloa\AppData\Local\anaconda3\Library\usr\bin;C:\Users\franco.ulloa\AppData\Local\anaconda3\Library\bin;C:\Users\franco.ulloa\AppData\Local\anaconda3\Scripts;C:\Program Files\MySQL\MySQL Shell 8.0\bin;C:\Ruby34-x64\bin;C:\Ruby32-x64\bin;C:\Users\franco.ulloa\AppData\Local\Microsoft\WindowsApps;C:\Users\franco.ulloa\AppData\Roaming\nvm;C:\Program Files\nodejs;C:\Users\franco.ulloa\AppData\Local\Programs\Microsoft VS Code\bin;C:\Program Files\JetBrains\DataGrip 2023.3.3\bin;.;C:\Program Files\Eclipse Adoptium\jdk-17.0.16.8-hotspot;C:\Program Files\Eclipse Adoptium\jdk-17.0.16.8-hotspot\bin;C:\apache-maven-3.9.6\bin;C:\FHIRServer;C:\Users\franco.ulloa\flutter\bin;C:\Users\franco.ulloa\AppData\Local\GitHubDesktop\bin;C:\Users\franco.ulloa\AppData\Local\Microsoft\WinGet\Links;.;C:\Program Files\Graphviz\bin
Parameters: -ig . -tx https://tx.hl7chile.cl/r4 -go-publish -source C:/Users/franco.ulloa/Documents/sushi/eis_publish_hl7/eis -web C:/Users/franco.ulloa/Documents/sushi/eis_publish_hl7/ig -registry C:/Users/franco.ulloa/Documents/sushi/eis_publish_hl7/ig-registry-master/fhir-ig-list.json -history C:/Users/franco.ulloa/Documents/sushi/eis_publish_hl7//fhir-ig-history-template-master/ -temp C:/Users/franco.ulloa/Documents/sushi/eis_publish_hl7/temp -templates C:/Users/franco.ulloa/Documents/sushi/eis_publish_hl7/ig/templates -tx https://tx.hl7chile.cl/r4
---------------
Publication Run: publish C:/Users/franco.ulloa/Documents/sushi/eis_publish_hl7/eis to C:/Users/franco.ulloa/Documents/sushi/eis_publish_hl7/ig
Relative directory for IG is '\'
===== Web Publication Run Details ===============================
 Source IG: hl7.fhir.cl.minsal.eis#0.2.0 : https://interoperabilidad.minsal.cl/fhir/ig/eis (R4) from C:/Users/franco.ulloa/Documents/sushi/eis_publish_hl7/eis
All checks passed. Do the publication build from C:\Users\franco.ulloa\Documents\sushi\eis_publish_hl7\eis and publish to C:\Users\franco.ulloa\Documents\sushi\eis_publish_hl7\temp\web-root\run-20260805\
Prepare Build space in C:\Users\franco.ulloa\Documents\sushi\eis_publish_hl7\temp\ig-builds\hl7.fhir.cl.minsal.eis#0.2.0
Build IG at C:\Users\franco.ulloa\Documents\sushi\eis_publish_hl7\eis: final copy suitable for publication (in C:\Users\franco.ulloa\Documents\sushi\eis_publish_hl7\temp\ig-builds\hl7.fhir.cl.minsal.eis#0.2.0)
FHIR IG Publisher Version 2.3.0 (Git# d845ec9ba68a). Built 2026-07-31T16:10:46.817Z (5 days old)    
Detected Java version: 17.0.16 from C:\Program Files\Eclipse Adoptium\jdk-17.0.16.8-hotspot on Windows 11/amd64 (64bit). 7884MB available
dir = C:\Users\franco.ulloa\Documents\sushi\eis_publish_hl7\eis, path = C:\Users\franco.ulloa\AppData\Local\anaconda3;C:\Users\franco.ulloa\AppData\Local\anaconda3\Library\mingw-w64\bin;C:\Users\franco.ulloa\AppData\Local\anaconda3\Library\usr\bin;C:\Users\franco.ulloa\AppData\Local\anaconda3\Library\bin;C:\Users\franco.ulloa\AppData\Local\anaconda3\Scripts;C:\Users\franco.ulloa\AppData\Local\anaconda3\bin;C:\Users\franco.ulloa\AppData\Local\anaconda3\condabin;C:\Program Files\PowerShell\7;C:\Program Files\Eclipse Adoptium\jdk-17\bin;C:\Program Files\Eclipse Adoptium\jdk-17.0.16.8-hotspot\bin;C:\Program Files\Common Files\Oracle\Java\javapath;C:\Oracle\product\19.0.0\client_1\bin;C:\WINDOWS\system32;C:\WINDOWS;C:\WINDOWS\System32\Wbem;C:\WINDOWS\System32\WindowsPowerShell\v1.0;C:\WINDOWS\System32\OpenSSH;C:\Users\franco.ulloa\AppData\Roaming\nvm;C:\Program Files\nodejs;C:\Program Files\Amazon\AWSCLIV2;C:\Program Files\Eclipse Adoptium\jdk-17.0.16.8-hotspot\bin;C:\apache-maven-3.9.6\bin;C:\Program Files (x86)\Agfa\IMPAX RIS\RIS 6.4.3;C:\Program Files (x86)\Agfa\IMPAX RIS\RIS 6.4.3\Axis2c\lib;C:\Program Files\Git LFS;C:\Program Files\GitHub CLI;C:\Program Files\MySQL\MySQL Shell 8.0\bin;C:\Ruby34-x64\bin;C:\Ruby32-x64\bin;C:\Users\franco.ulloa\AppData\Local\Microsoft\WindowsApps;C:\Users\franco.ulloa\AppData\Local\Programs\Microsoft VS Code\bin;C:\Program Files\JetBrains\DataGrip 2023.3.3\b;C:\Program Files\Git\cmd;C:\Program Files\dotnet;C:\Program Files\Docker\Docker\resources\bin;C:\Program Files\PowerShell\7;C:\Users\franco.ulloa\AppData\Local\anaconda3;C:\Users\franco.ulloa\AppData\Local\anaconda3\Library\mingw-w64\bin;C:\Users\franco.ulloa\AppData\Local\anaconda3\Library\usr\bin;C:\Users\franco.ulloa\AppData\Local\anaconda3\Library\bin;C:\Users\franco.ulloa\AppData\Local\anaconda3\Scripts;C:\Program Files\MySQL\MySQL Shell 8.0\bin;C:\Ruby34-x64\bin;C:\Ruby32-x64\bin;C:\Users\franco.ulloa\AppData\Local\Microsoft\WindowsApps;C:\Users\franco.ulloa\AppData\Roaming\nvm;C:\Program Files\nodejs;C:\Users\franco.ulloa\AppData\Local\Programs\Microsoft VS Code\bin;C:\Program Files\JetBrains\DataGrip 2023.3.3\bin;.;C:\Program Files\Eclipse Adoptium\jdk-17.0.16.8-hotspot;C:\Program Files\Eclipse Adoptium\jdk-17.0.16.8-hotspot\bin;C:\apache-maven-3.9.6\bin;C:\FHIRServer;C:\Users\franco.ulloa\flutter\bin;C:\Users\franco.ulloa\AppData\Local\GitHubDesktop\bin;C:\Users\franco.ulloa\AppData\Local\Microsoft\WinGet\Links;.;C:\Program Files\Graphviz\bin
Parameters: -publish https://interoperabilidad.minsal.cl/fhir/ig/eis/0.2.0 -no-exit -tx https://tx.hl7chile.cl/r4 -ig C:\Users\franco.ulloa\Documents\sushi\eis_publish_hl7\temp\ig-builds\hl7.fhir.cl.minsal.eis#0.2.0 -resetTx
Character encoding = UTF-8 / UTF-8                                                                  
Start Clock @ miércoles, 5 de agosto de 2026, 16:59:51 (hora estándar de Chile) (2026-08-05T16:59:51-04:00)
                                                                                                    
Build FHIR IG from C:\Users\franco.ulloa\Documents\sushi\eis_publish_hl7\temp\ig-builds\hl7.fhir.cl.minsal.eis#0.2.0 (00:00.196 / 00:00.197, 46Mb)
Build Formal Publication package, intended for https://interoperabilidad.minsal.cl/fhir/ig/eis/0.2.0 (00:00.004 / 00:00.201, 46Mb)
No FHIR settings file at C:\Users\franco.ulloa\.fhir\fhir-settings.json; using defaults (no API keys or npm path) (00:00.002 / 00:00.203, 46Mb)
Package Cache: C:\Users\franco.ulloa\.fhir\packages                                                  (00:00.004 / 00:00.208, 46Mb)
Run Sushi on C:\Users\franco.ulloa\Documents\sushi\eis_publish_hl7\temp\ig-builds\hl7.fhir.cl.minsal.eis#0.2.0 (00:00.014 / 00:00.223, 46Mb)
Sushi: info  Running SUSHI v3.20.0 (implements FHIR Shorthand specification v3.0.0)                  (00:01.053 / 00:01.277, 50Mb)
Sushi: info  Arguments:                                                                              (00:00.002 / 00:01.279, 50Mb)
Sushi: info    --require-latest                                                                      (00:00.001 / 00:01.280, 50Mb)
Sushi: info    --out C:\Users\franco.ulloa\Documents\sushi\eis_publish_hl7\temp\ig-builds\hl7.fhir.cl.minsal.eis#0.2.0 (00:00.001 / 00:01.281, 50Mb)
Sushi: info    C:\Users\franco.ulloa\Documents\sushi\eis_publish_hl7\temp\ig-builds\hl7.fhir.cl.minsal.eis#0.2.0 (00:00.001 / 00:01.283, 50Mb)
Sushi: info  Using configuration file: C:\Users\franco.ulloa\Documents\sushi\eis_publish_hl7\temp\ig-builds\hl7.fhir.cl.minsal.eis#0.2.0\sushi-config.yaml (00:01.185 / 00:02.469, 50Mb)
Sushi: info  Importing FSH text...                                                                   (00:00.128 / 00:02.597, 50Mb)
Sushi: info  Preprocessed 50 documents with 6 aliases.                                               (00:00.448 / 00:03.046, 50Mb)
Sushi: info  Imported 94 definitions and 0 instances.                                                (00:00.050 / 00:03.096, 50Mb)
Sushi: info  Loaded virtual package sushi-r5forR4#1.0.0 with 7 resources                             (00:00.089 / 00:03.186, 50Mb)
Sushi: info  Resolved hl7.fhir.uv.tools.r4#latest to concrete version 1.1.2                          (00:01.176 / 00:04.362, 50Mb)
Sushi: info  Loaded hl7.fhir.uv.tools.r4#1.1.2 with 119 resources                                    (00:00.074 / 00:04.436, 50Mb)
Sushi: info  Resolved hl7.terminology.r4#latest to concrete version 7.3.0                            (00:00.224 / 00:04.661, 50Mb)
Sushi: info  Loaded hl7.terminology.r4#7.3.0 with 4176 resources                                     (00:01.912 / 00:06.574, 50Mb)
Sushi: info  Loaded hl7.fhir.r4.core#4.0.1 with 4581 resources                                       (00:01.835 / 00:08.409, 50Mb)
Sushi: info  Resolved hl7.fhir.uv.extensions.r4#latest to concrete version 5.3.0                     (00:00.238 / 00:08.648, 50Mb)
Sushi: info  Loaded hl7.fhir.uv.extensions.r4#5.3.0 with 885 resources                               (00:00.637 / 00:09.285, 50Mb)
Sushi: info  Loaded virtual package sushi-local#LOCAL with 0 resources                               (00:00.016 / 00:09.301, 50Mb)
Sushi: info  Converting FSH to FHIR resources...                                                     (00:00.026 / 00:09.328, 50Mb)
Sushi: info  Converted 13 FHIR StructureDefinitions.                                                 (00:01.696 / 00:11.025, 50Mb)
Sushi: info  Converted 39 FHIR CodeSystems.                                                          (00:03.040 / 00:14.066, 50Mb)
Sushi: info  Converted 42 FHIR ValueSets.                                                            (00:02.789 / 00:16.855, 50Mb)
Sushi: info  Exporting FHIR resources as JSON...                                                     (00:00.008 / 00:16.863, 50Mb)
Sushi: info  Exported 94 FHIR resources as JSON.                                                     (00:00.214 / 00:17.078, 50Mb)
Sushi: info  Assembling Implementation Guide sources...                                              (00:00.009 / 00:17.088, 50Mb)
Sushi: info  Generated ImplementationGuide-hl7.fhir.cl.minsal.eis.json                               (00:00.027 / 00:17.116, 50Mb)
Sushi: info  Assembled Implementation Guide sources; ready for IG Publisher.                         (00:00.002 / 00:17.119, 50Mb)
Sushi: ========================= SUSHI RESULTS ===========================                           (00:00.003 / 00:17.122, 50Mb)
Sushi: |  -------------------------------------------------------------  |                           (00:00.002 / 00:17.124, 50Mb)
Sushi: | |    Profiles   |  Extensions  |   Logicals   |   Resources   | |                           (00:00.002 / 00:17.127, 50Mb)
Sushi: | |-------------------------------------------------------------| |                           (00:00.003 / 00:17.130, 50Mb)
Sushi: | |       4       |      6       |      3       |       0       | |                           (00:00.003 / 00:17.134, 50Mb)
Sushi: |  -------------------------------------------------------------  |                           (00:00.003 / 00:17.137, 50Mb)
Sushi: |  -------------------------------------------------------------  |                           (00:00.004 / 00:17.142, 50Mb)
Sushi: | |      ValueSets     |    CodeSystems    |     Instances      | |                           (00:00.002 / 00:17.145, 50Mb)
Sushi: | |-------------------------------------------------------------| |                           (00:00.003 / 00:17.148, 50Mb)
Sushi: | |         42         |        39         |         0          | |                           (00:00.003 / 00:17.152, 50Mb)
Sushi: |  -------------------------------------------------------------  |                           (00:00.003 / 00:17.155, 50Mb)
Sushi: |                                                                 |                           (00:00.002 / 00:17.158, 50Mb)
Sushi: ===================================================================                           (00:00.004 / 00:17.162, 50Mb)
Sushi: | You really made a splash!              0 Errors      0 Warnings |                           (00:00.004 / 00:17.167, 50Mb)
Sushi: ===================================================================                           (00:00.003 / 00:17.171, 50Mb)
Root directory: C:\Users\franco.ulloa\Documents\sushi\eis_publish_hl7\temp\ig-builds\hl7.fhir.cl.minsal.eis#0.2.0 (00:00.035 / 00:17.206, 50Mb)
Unable to load IG as an r5 IG - try R4 (property code is a class com.google.gson.JsonPrimitive looking for an object) (00:00.863 / 00:18.069, 63Mb)
Load Template from hl7chile-ig-template                                                              (00:00.949 / 00:19.019, 31Mb)
 Load Template from fhir.base.template#current                                                       (00:00.023 / 00:19.042, 31Mb)
[33mThis content depends on fhir.base.template which is no longer considered secure to use
[0;39m[33mSee Security notification at https://www.fhir.org/guides/security-notices/2026-03-npm-dependencies.html
[0;39mScanning directory: C:\Users\franco.ulloa\Documents\sushi\eis_publish_hl7\temp\ig-builds\hl7.fhir.cl.minsal.eis#0.2.0\template
======================================================================
Terminology Cache is at C:\Users\franco.ulloa\Documents\sushi\eis_publish_hl7\temp\ig-builds\hl7.fhir.cl.minsal.eis#0.2.0\input-cache\txcache. Clearing now (00:19.453 / 00:38.496, 99Mb)
Core Package hl7.fhir.r4.core#4.0.1                                                                  (00:00.029 / 00:38.525, 99Mb)
Running Terminology Log: C:\Users\FRANCO~1.ULL\AppData\Local\Temp\ohfu-fhir-ig-5402424738045141257.html
Connect to Terminology Server at https://tx.hl7chile.cl/r4                                           (00:09.622 / 00:48.148, 300Mb)
[39mLoad Package hl7.fhir.pubpack#0.2.5
[0;39m[39mLoad Package hl7.fhir.xver-extensions#0.1.0
[0;39m[39mLoad Package hl7.terminology.r4#7.3.0
[0;39m[39mLoad Package hl7.fhir.uv.extensions.r4#5.3.0
[0;39m[39mLoad Package hl7.fhir.uv.tools.r4#1.1.2
[0;39mLoad R5 Specials
Initialization complete                                                                              (00:12.847 / 01:00.995, 483Mb)
Load IG                                                                                              (00:00.004 / 01:00.999, 483Mb)
Load Content                                                                                         (00:00.012 / 01:01.011, 483Mb)
Using es_CL as the default narrative language. (inferred from ImplementationGuide.jurisdiction=CL)   (00:00.193 / 01:01.205, 495Mb)
Process Loaded Resources                                                                             (00:01.680 / 01:02.886, 613Mb)
Generating Snapshots                                                                                 (00:00.808 / 01:03.695, 365Mb)

Signing Certificate: RSA key for Subject: OU=IG Publisher, L=Ann Arbor, CN=hl7.org, O=HL7, ST=Missouri, C=us from: OU=IG Publisher, L=Ann Arbor, CN=hl7.org, O=HL7, ST=Missouri, C=us
Fetch https://interoperabilidad.minsal.cl/fhir/ig/eis/package-list.json for version check            (00:01.428 / 01:05.123, 497Mb)
Checking Language                                                                                    (00:00.237 / 01:05.360, 505Mb)
Load Dependency Info                                                                                 (00:00.004 / 01:05.365, 505Mb)
Load Info                                                                                            (00:00.006 / 01:05.372, 505Mb)
Load Paths                                                                                           (00:00.003 / 01:05.375, 507Mb)
Check R4 / R4B                                                                                       (00:00.003 / 01:05.379, 507Mb)
Assign Comparison Ids                                                                                (00:00.122 / 01:05.502, 537Mb)
Propagating status                                                                                   (00:00.003 / 01:05.505, 537Mb)
Generating Narratives                                                                                (00:00.003 / 01:05.509, 537Mb)
Validating Conformance Resources                                                                     (00:05.167 / 01:10.676, 538Mb)
Check profiles & code systems                                                                        (00:50.839 / 02:01.515, 1Gb)
Check realm rules                                                                                    (00:00.004 / 02:01.520, 1Gb)
Previous Version Comparison                                                                          (00:00.001 / 02:01.522, 1Gb)
Comparing previous version 0.1.0                                                                     (00:00.001 / 02:01.524, 1Gb)
.. loaded. Process                                                                                   (00:13.583 / 02:15.107, 978Mb)
finish previous version comparison                                                                   (00:00.003 / 02:15.111, 978Mb)
finish ipa version                                                                                   (00:02.090 / 02:17.202, 1000Mb)
finish ips version                                                                                   (00:00.002 / 02:17.204, 1000Mb)
comparisons done                                                                                     (00:00.002 / 02:17.207, 1000Mb)
Checking for Bundles to sign                                                                         (00:00.028 / 02:17.235, 1004Mb)
Validating Resources                                                                                 (00:00.003 / 02:17.239, 1004Mb)
Processing Provenance Records                                                                        (00:00.088 / 02:17.328, 1014Mb)
Generating Outputs in C:\Users\franco.ulloa\Documents\sushi\eis_publish_hl7\temp\ig-builds\hl7.fhir.cl.minsal.eis#0.2.0\output (00:00.003 / 02:17.331, 1014Mb)
Generate Native Outputs                                                                              (00:04.443 / 02:21.774, 675Mb)
Run Template                                                                                         (00:19.217 / 02:40.991, 977Mb)
Generate HTML Outputs                                                                                (00:03.611 / 02:44.603, 1Gb)
Generate Spreadsheets                                                                                (00:23.288 / 03:07.891, 877Mb)
Generate Summaries                                                                                   (00:02.020 / 03:09.912, 796Mb)
Generating Summary Outputs                                                                           (00:00.002 / 03:09.915, 796Mb)
DB Cumulative Time invested: 00:00:01.168
Sending Usage Stats to Server                                                                        (00:43.068 / 03:52.983, 980Mb)
## Memory (MB): Use = 981, Free = 246, Total = 1228, Max = 7884                                      (00:00.009 / 03:52.992, 981Mb)
Reclaiming memory...                                                                                 (00:00.001 / 03:52.994, 981Mb)
Generating combined package                                                                          (00:00.011 / 03:53.006, 982Mb)
Error generating combined package: C:\Users\franco.ulloa\Documents\sushi\eis_publish_hl7\temp\ig-builds\hl7.fhir.cl.minsal.eis#0.2.0\output\package.tgz (El sistema no puede encontrar el archivo especificado) (00:00.006 / 03:53.013, 982Mb)
## Memory (MB): Use = 661, Free = 566, Total = 1228, Max = 7884                                      (00:00.283 / 03:53.296, 663Mb)
Run jekyll: jekyll build --destination "C:\Users\franco.ulloa\Documents\sushi\eis_publish_hl7\temp\ig-builds\hl7.fhir.cl.minsal.eis#0.2.0\output" (in folder C:\Users\franco.ulloa\Documents\sushi\eis_publish_hl7\temp\ig-builds\hl7.fhir.cl.minsal.eis#0.2.0\temp\pages) (00:00.006 / 03:53.302, 663Mb)
Due to a known issue, Jekyll errors are lost between Java and Ruby in windows systems.               (00:00.003 / 03:53.306, 663Mb)
If the build process hangs at this point, you have to go to a                                        (00:00.002 / 03:53.308, 663Mb)
command prompt, and then run these two commands:                                                     (00:00.002 / 03:53.311, 663Mb)
                                                                                                     (00:00.001 / 03:53.313, 663Mb)
cd C:\Users\franco.ulloa\Documents\sushi\eis_publish_hl7\temp\ig-builds\hl7.fhir.cl.minsal.eis#0.2.0\temp\pages (00:00.001 / 03:53.314, 663Mb)
jekyll build --destination "C:\Users\franco.ulloa\Documents\sushi\eis_publish_hl7\temp\ig-builds\hl7.fhir.cl.minsal.eis#0.2.0\output" (00:00.002 / 03:53.317, 663Mb)
                                                                                                     (00:00.002 / 03:53.319, 663Mb)
and then investigate why Jekyll has failed                                                           (00:00.002 / 03:53.321, 663Mb)
Troubleshooting Note: usual cases for Jekyll to fail are:                                            (00:00.002 / 03:53.324, 663Mb)
* A failure to produce a fragment that is already logged in the output above                         (00:00.002 / 03:53.326, 664Mb)
* A reference to a manually edited file that hasn't been provided                                    (00:00.002 / 03:53.328, 664Mb)
Jekyll: Source: C:/Users/franco.ulloa/Documents/sushi/eis_publish_hl7/temp/ig-builds/hl7.fhir.cl.minsal.eis#0.2.0/temp/pages (00:03.064 / 03:56.393, 667Mb)
Jekyll: Generating...                                                                                (00:00.002 / 03:56.395, 667Mb)
Jekyll: done in 18.987 seconds.                                                                      (00:18.985 / 04:15.381, 668Mb)
[39m
[0;39m[39mInstalling hl7.fhir.cl.minsal.eis#0.2.0
[0;39m[39m done.
[0;39m[39m loaded @ C:\Users\franco.ulloa\.fhir\packages\hl7.fhir.cl.minsal.eis#0.2.0
[0;39mChecking Output HTML                                                                                 (00:03.826 / 04:19.207, 879Mb)
Processed C:\Users\franco.ulloa\Documents\sushi\eis_publish_hl7\temp\ig-builds\hl7.fhir.cl.minsal.eis#0.2.0\output - % reduction = 99 (40207780 ==> 727096)
found 1674 files                                                                                     (00:02.496 / 04:21.704, 683Mb)
........................................
........................................
  ... 1674 html files, 0 pages invalid xhtml (0%)                                                    (00:15.873 / 04:37.578, 767Mb)
  ... 108330 links, 0 broken links (0%)                                                              (00:00.003 / 04:37.581, 767Mb)
Generate fragment-usage-analysis.csv                                                                 (00:00.002 / 04:37.584, 767Mb)
Build final .zip                                                                                     (00:00.019 / 04:37.603, 768Mb)
Final .zip built                                                                                     (00:13.296 / 04:50.899, 1Gb)
Built. Times: loading: 00:04.352, generate: 03:56.117, narrative generation: 00:05.162, realm-rules: 00:00.001, previous-version: 00:15.685, jekyll: 00:22.117, validation: 00:50.830 (#95), template: 00:03.662 (#3) (00:10.579 / 05:01.478, 865Mb)
Generating QA                                                                                        (00:00.004 / 05:01.483, 865Mb)
Validation output in C:\Users\franco.ulloa\Documents\sushi\eis_publish_hl7\temp\ig-builds\hl7.fhir.cl.minsal.eis#0.2.0\output\qa.html
Errors: 0, Warnings: 10, Info: 2, Broken Links: 0 (00:00.386 / 05:01.869, 905Mb)
Finished @ 05-08-26 17:04. Max Memory Used = 1Gb. Log file saved in C:\Users\FRANCO~1.ULL\AppData\Local\Temp\fhir-ig-publisher-tmp.log (00:00.054 / 05:01.923, 905Mb)
Prepare Build space in C:\Users\franco.ulloa\Documents\sushi\eis_publish_hl7\temp\ig-builds\hl7.fhir.cl.minsal.eis#0.2.0-milestone
Build IG at C:\Users\franco.ulloa\Documents\sushi\eis_publish_hl7\eis: final copy suitable for publication (in C:\Users\franco.ulloa\Documents\sushi\eis_publish_hl7\temp\ig-builds\hl7.fhir.cl.minsal.eis#0.2.0-milestone) (milestone build)
FHIR IG Publisher Version 2.3.0 (Git# d845ec9ba68a). Built 2026-07-31T16:10:46.817Z (5 days old)    
Detected Java version: 17.0.16 from C:\Program Files\Eclipse Adoptium\jdk-17.0.16.8-hotspot on Windows 11/amd64 (64bit). 7884MB available
dir = C:\Users\franco.ulloa\Documents\sushi\eis_publish_hl7\eis, path = C:\Users\franco.ulloa\AppData\Local\anaconda3;C:\Users\franco.ulloa\AppData\Local\anaconda3\Library\mingw-w64\bin;C:\Users\franco.ulloa\AppData\Local\anaconda3\Library\usr\bin;C:\Users\franco.ulloa\AppData\Local\anaconda3\Library\bin;C:\Users\franco.ulloa\AppData\Local\anaconda3\Scripts;C:\Users\franco.ulloa\AppData\Local\anaconda3\bin;C:\Users\franco.ulloa\AppData\Local\anaconda3\condabin;C:\Program Files\PowerShell\7;C:\Program Files\Eclipse Adoptium\jdk-17\bin;C:\Program Files\Eclipse Adoptium\jdk-17.0.16.8-hotspot\bin;C:\Program Files\Common Files\Oracle\Java\javapath;C:\Oracle\product\19.0.0\client_1\bin;C:\WINDOWS\system32;C:\WINDOWS;C:\WINDOWS\System32\Wbem;C:\WINDOWS\System32\WindowsPowerShell\v1.0;C:\WINDOWS\System32\OpenSSH;C:\Users\franco.ulloa\AppData\Roaming\nvm;C:\Program Files\nodejs;C:\Program Files\Amazon\AWSCLIV2;C:\Program Files\Eclipse Adoptium\jdk-17.0.16.8-hotspot\bin;C:\apache-maven-3.9.6\bin;C:\Program Files (x86)\Agfa\IMPAX RIS\RIS 6.4.3;C:\Program Files (x86)\Agfa\IMPAX RIS\RIS 6.4.3\Axis2c\lib;C:\Program Files\Git LFS;C:\Program Files\GitHub CLI;C:\Program Files\MySQL\MySQL Shell 8.0\bin;C:\Ruby34-x64\bin;C:\Ruby32-x64\bin;C:\Users\franco.ulloa\AppData\Local\Microsoft\WindowsApps;C:\Users\franco.ulloa\AppData\Local\Programs\Microsoft VS Code\bin;C:\Program Files\JetBrains\DataGrip 2023.3.3\b;C:\Program Files\Git\cmd;C:\Program Files\dotnet;C:\Program Files\Docker\Docker\resources\bin;C:\Program Files\PowerShell\7;C:\Users\franco.ulloa\AppData\Local\anaconda3;C:\Users\franco.ulloa\AppData\Local\anaconda3\Library\mingw-w64\bin;C:\Users\franco.ulloa\AppData\Local\anaconda3\Library\usr\bin;C:\Users\franco.ulloa\AppData\Local\anaconda3\Library\bin;C:\Users\franco.ulloa\AppData\Local\anaconda3\Scripts;C:\Program Files\MySQL\MySQL Shell 8.0\bin;C:\Ruby34-x64\bin;C:\Ruby32-x64\bin;C:\Users\franco.ulloa\AppData\Local\Microsoft\WindowsApps;C:\Users\franco.ulloa\AppData\Roaming\nvm;C:\Program Files\nodejs;C:\Users\franco.ulloa\AppData\Local\Programs\Microsoft VS Code\bin;C:\Program Files\JetBrains\DataGrip 2023.3.3\bin;.;C:\Program Files\Eclipse Adoptium\jdk-17.0.16.8-hotspot;C:\Program Files\Eclipse Adoptium\jdk-17.0.16.8-hotspot\bin;C:\apache-maven-3.9.6\bin;C:\FHIRServer;C:\Users\franco.ulloa\flutter\bin;C:\Users\franco.ulloa\AppData\Local\GitHubDesktop\bin;C:\Users\franco.ulloa\AppData\Local\Microsoft\WinGet\Links;.;C:\Program Files\Graphviz\bin
Parameters: -publish https://interoperabilidad.minsal.cl/fhir/ig/eis/0.2.0 -no-exit -tx https://tx.hl7chile.cl/r4 -ig C:\Users\franco.ulloa\Documents\sushi\eis_publish_hl7\temp\ig-builds\hl7.fhir.cl.minsal.eis#0.2.0-milestone -milestone
Character encoding = UTF-8 / UTF-8                                                                  
Start Clock @ miércoles, 5 de agosto de 2026, 17:07:07 (hora estándar de Chile) (2026-08-05T17:07:07-04:00)
                                                                                                    
Build FHIR IG from C:\Users\franco.ulloa\Documents\sushi\eis_publish_hl7\temp\ig-builds\hl7.fhir.cl.minsal.eis#0.2.0-milestone (00:00.102 / 00:00.102, 1Gb)
Build Formal Publication package, intended for https://interoperabilidad.minsal.cl/fhir/ig/eis/0.2.0 (00:00.002 / 00:00.104, 1Gb)
No FHIR settings file at C:\Users\franco.ulloa\.fhir\fhir-settings.json; using defaults (no API keys or npm path) (00:00.001 / 00:00.106, 1Gb)
Package Cache: C:\Users\franco.ulloa\.fhir\packages                                                  (00:00.001 / 00:00.107, 1Gb)
Run Sushi on C:\Users\franco.ulloa\Documents\sushi\eis_publish_hl7\temp\ig-builds\hl7.fhir.cl.minsal.eis#0.2.0-milestone (00:00.014 / 00:00.122, 1Gb)
Sushi: info  Running SUSHI v3.20.0 (implements FHIR Shorthand specification v3.0.0)                  (00:01.255 / 00:01.377, 1Gb)
Sushi: info  Arguments:                                                                              (00:00.001 / 00:01.379, 1Gb)
Sushi: info    --require-latest                                                                      (00:00.001 / 00:01.380, 1Gb)
Sushi: info    --out C:\Users\franco.ulloa\Documents\sushi\eis_publish_hl7\temp\ig-builds\hl7.fhir.cl.minsal.eis#0.2.0-milestone (00:00.001 / 00:01.382, 1Gb)
Sushi: info    C:\Users\franco.ulloa\Documents\sushi\eis_publish_hl7\temp\ig-builds\hl7.fhir.cl.minsal.eis#0.2.0-milestone (00:00.001 / 00:01.384, 1Gb)
Sushi: info  Using configuration file: C:\Users\franco.ulloa\Documents\sushi\eis_publish_hl7\temp\ig-builds\hl7.fhir.cl.minsal.eis#0.2.0-milestone\sushi-config.yaml (00:01.777 / 00:03.161, 1Gb)
Sushi: info  Importing FSH text...                                                                   (00:00.172 / 00:03.334, 1Gb)
Sushi: info  Preprocessed 50 documents with 6 aliases.                                               (00:00.598 / 00:03.933, 1Gb)
Sushi: info  Imported 94 definitions and 0 instances.                                                (00:00.070 / 00:04.003, 1Gb)
Sushi: info  Loaded virtual package sushi-r5forR4#1.0.0 with 7 resources                             (00:00.145 / 00:04.149, 1Gb)
Sushi: info  Resolved hl7.fhir.uv.tools.r4#latest to concrete version 1.1.2                          (00:01.031 / 00:05.180, 1Gb)
Sushi: info  Loaded hl7.fhir.uv.tools.r4#1.1.2 with 119 resources                                    (00:00.087 / 00:05.267, 1Gb)
Sushi: info  Resolved hl7.terminology.r4#latest to concrete version 7.3.0                            (00:00.229 / 00:05.496, 1Gb)
Sushi: info  Loaded hl7.terminology.r4#7.3.0 with 4176 resources                                     (00:02.696 / 00:08.193, 1Gb)
Sushi: info  Loaded hl7.fhir.r4.core#4.0.1 with 4581 resources                                       (00:02.724 / 00:10.917, 1Gb)
Sushi: info  Resolved hl7.fhir.uv.extensions.r4#latest to concrete version 5.3.0                     (00:00.243 / 00:11.161, 1Gb)
Sushi: info  Loaded hl7.fhir.uv.extensions.r4#5.3.0 with 885 resources                               (00:00.573 / 00:11.734, 1Gb)
Sushi: info  Loaded virtual package sushi-local#LOCAL with 0 resources                               (00:00.017 / 00:11.751, 1Gb)
Sushi: info  Converting FSH to FHIR resources...                                                     (00:00.026 / 00:11.778, 1Gb)
Sushi: info  Converted 13 FHIR StructureDefinitions.                                                 (00:01.052 / 00:12.830, 1Gb)
Sushi: info  Converted 39 FHIR CodeSystems.                                                          (00:01.229 / 00:14.060, 1Gb)
Sushi: info  Converted 42 FHIR ValueSets.                                                            (00:01.373 / 00:15.433, 1Gb)
Sushi: info  Exporting FHIR resources as JSON...                                                     (00:00.003 / 00:15.437, 1Gb)
Sushi: info  Exported 94 FHIR resources as JSON.                                                     (00:00.116 / 00:15.554, 1Gb)
Sushi: info  Assembling Implementation Guide sources...                                              (00:00.005 / 00:15.559, 1Gb)
Sushi: info  Generated ImplementationGuide-hl7.fhir.cl.minsal.eis.json                               (00:00.019 / 00:15.579, 1Gb)
Sushi: info  Assembled Implementation Guide sources; ready for IG Publisher.                         (00:00.001 / 00:15.581, 1Gb)
Sushi: ========================= SUSHI RESULTS ===========================                           (00:00.001 / 00:15.582, 1Gb)
Sushi: |  -------------------------------------------------------------  |                           (00:00.001 / 00:15.584, 1Gb)
Sushi: | |    Profiles   |  Extensions  |   Logicals   |   Resources   | |                           (00:00.001 / 00:15.586, 1Gb)
Sushi: | |-------------------------------------------------------------| |                           (00:00.001 / 00:15.588, 1Gb)
Sushi: | |       4       |      6       |      3       |       0       | |                           (00:00.001 / 00:15.589, 1Gb)
Sushi: |  -------------------------------------------------------------  |                           (00:00.001 / 00:15.591, 1Gb)
Sushi: |  -------------------------------------------------------------  |                           (00:00.001 / 00:15.593, 1Gb)
Sushi: | |      ValueSets     |    CodeSystems    |     Instances      | |                           (00:00.001 / 00:15.594, 1Gb)
Sushi: | |-------------------------------------------------------------| |                           (00:00.001 / 00:15.596, 1Gb)
Sushi: | |         42         |        39         |         0          | |                           (00:00.001 / 00:15.598, 1Gb)
Sushi: |  -------------------------------------------------------------  |                           (00:00.001 / 00:15.599, 1Gb)
Sushi: |                                                                 |                           (00:00.001 / 00:15.601, 1Gb)
Sushi: ===================================================================                           (00:00.001 / 00:15.603, 1Gb)
Sushi: | Nice job! Are you hooked yet?          0 Errors      0 Warnings |                           (00:00.001 / 00:15.605, 1Gb)
Sushi: ===================================================================                           (00:00.002 / 00:15.607, 1Gb)
Root directory: C:\Users\franco.ulloa\Documents\sushi\eis_publish_hl7\temp\ig-builds\hl7.fhir.cl.minsal.eis#0.2.0-milestone (00:00.026 / 00:15.633, 1Gb)
Unable to load IG as an r5 IG - try R4 (property code is a class com.google.gson.JsonPrimitive looking for an object) (00:00.012 / 00:15.646, 1Gb)
Load Template from hl7chile-ig-template                                                              (00:00.141 / 00:15.788, 1Gb)
 Load Template from fhir.base.template#current                                                       (00:00.012 / 00:15.800, 1Gb)
[33mThis content depends on fhir.base.template which is no longer considered secure to use
[0;39m[33mSee Security notification at https://www.fhir.org/guides/security-notices/2026-03-npm-dependencies.html
[0;39mScanning directory: C:\Users\franco.ulloa\Documents\sushi\eis_publish_hl7\temp\ig-builds\hl7.fhir.cl.minsal.eis#0.2.0-milestone\template
======================================================================
Terminology Cache is at C:\Users\franco.ulloa\Documents\sushi\eis_publish_hl7\temp\ig-builds\hl7.fhir.cl.minsal.eis#0.2.0-milestone\input-cache\txcache. 11 files in cache (00:19.028 / 00:34.829, 857Mb)
Core Package hl7.fhir.r4.core#4.0.1                                                                  (00:00.004 / 00:34.833, 857Mb)
Running Terminology Log: C:\Users\FRANCO~1.ULL\AppData\Local\Temp\ohfu-fhir-ig-13755729476358222783.html
Connect to Terminology Server at https://tx.hl7chile.cl/r4                                           (00:02.951 / 00:37.784, 1Gb)
[39mLoad Package hl7.fhir.pubpack#0.2.5
[0;39m[39mLoad Package hl7.fhir.xver-extensions#0.1.0
[0;39m[39mLoad Package hl7.terminology.r4#7.3.0
[0;39m[39mLoad Package hl7.fhir.uv.extensions.r4#5.3.0
[0;39m[39mLoad Package hl7.fhir.uv.tools.r4#1.1.2
[0;39mLoad R5 Specials
Initialization complete                                                                              (00:07.767 / 00:45.552, 1Gb)
Load IG                                                                                              (00:00.002 / 00:45.555, 1Gb)
Load Content                                                                                         (00:00.017 / 00:45.572, 1Gb)
Using es_CL as the default narrative language. (inferred from ImplementationGuide.jurisdiction=CL)   (00:00.012 / 00:45.585, 1Gb)
Process Loaded Resources                                                                             (00:00.753 / 00:46.339, 1Gb)
Generating Snapshots                                                                                 (00:00.244 / 00:46.584, 1Gb)

Signing Certificate: RSA key for Subject: OU=IG Publisher, L=Ann Arbor, CN=hl7.org, O=HL7, ST=Missouri, C=us from: OU=IG Publisher, L=Ann Arbor, CN=hl7.org, O=HL7, ST=Missouri, C=us
Fetch https://interoperabilidad.minsal.cl/fhir/ig/eis/package-list.json for version check            (00:00.207 / 00:46.791, 1Gb)
Checking Language                                                                                    (00:00.247 / 00:47.038, 1Gb)
Load Dependency Info                                                                                 (00:00.006 / 00:47.044, 1Gb)
Load Info                                                                                            (00:00.011 / 00:47.056, 1Gb)
Load Paths                                                                                           (00:00.002 / 00:47.059, 1Gb)
Check R4 / R4B                                                                                       (00:00.003 / 00:47.062, 1Gb)
Assign Comparison Ids                                                                                (00:00.053 / 00:47.115, 1Gb)
Propagating status                                                                                   (00:00.004 / 00:47.119, 1Gb)
Generating Narratives                                                                                (00:00.003 / 00:47.123, 1Gb)
Validating Conformance Resources                                                                     (00:00.805 / 00:47.929, 1Gb)
Check profiles & code systems                                                                        (00:59.093 / 01:47.022, 1Gb)
Check realm rules                                                                                    (00:00.002 / 01:47.025, 1Gb)
Previous Version Comparison                                                                          (00:00.001 / 01:47.027, 1Gb)
Comparing previous version 0.1.0                                                                     (00:00.001 / 01:47.028, 1Gb)
.. loaded. Process                                                                                   (00:09.891 / 01:56.919, 1Gb)
finish previous version comparison                                                                   (00:00.002 / 01:56.922, 1Gb)
finish ipa version                                                                                   (00:01.697 / 01:58.619, 1Gb)
finish ips version                                                                                   (00:00.002 / 01:58.621, 1Gb)
comparisons done                                                                                     (00:00.002 / 01:58.624, 1Gb)
Checking for Bundles to sign                                                                         (00:00.006 / 01:58.631, 1Gb)
Validating Resources                                                                                 (00:00.002 / 01:58.633, 1Gb)
Processing Provenance Records                                                                        (00:00.260 / 01:58.893, 1Gb)
Generating Outputs in C:\Users\franco.ulloa\Documents\sushi\eis_publish_hl7\temp\ig-builds\hl7.fhir.cl.minsal.eis#0.2.0-milestone\output (00:00.002 / 01:58.896, 1Gb)
Generate Native Outputs                                                                              (00:04.631 / 02:03.527, 1Gb)
Run Template                                                                                         (00:15.825 / 02:19.353, 1Gb)
Generate HTML Outputs                                                                                (00:02.813 / 02:22.166, 1Gb)
Generate Spreadsheets                                                                                (00:17.137 / 02:39.304, 1Gb)
Generate Summaries                                                                                   (00:00.876 / 02:40.180, 1Gb)
Generating Summary Outputs                                                                           (00:00.002 / 02:40.182, 1Gb)
DB Cumulative Time invested: 00:00:00.998
Sending Usage Stats to Server                                                                        (00:27.351 / 03:07.534, 1Gb)
## Memory (MB): Use = 1797, Free = 326, Total = 2124, Max = 7884                                     (00:00.007 / 03:07.541, 1Gb)
Reclaiming memory...                                                                                 (00:00.003 / 03:07.545, 1Gb)
Generating combined package                                                                          (00:00.013 / 03:07.558, 1Gb)
Error generating combined package: C:\Users\franco.ulloa\Documents\sushi\eis_publish_hl7\temp\ig-builds\hl7.fhir.cl.minsal.eis#0.2.0-milestone\output\package.tgz (El sistema no puede encontrar el archivo especificado) (00:00.002 / 03:07.561, 1Gb)
## Memory (MB): Use = 662, Free = 1459, Total = 2124, Max = 7884                                     (00:00.365 / 03:07.926, 666Mb)
Run jekyll: jekyll build --destination "C:\Users\franco.ulloa\Documents\sushi\eis_publish_hl7\temp\ig-builds\hl7.fhir.cl.minsal.eis#0.2.0-milestone\output" (in folder C:\Users\franco.ulloa\Documents\sushi\eis_publish_hl7\temp\ig-builds\hl7.fhir.cl.minsal.eis#0.2.0-milestone\temp\pages) (00:00.008 / 03:07.935, 666Mb)
Due to a known issue, Jekyll errors are lost between Java and Ruby in windows systems.               (00:00.006 / 03:07.941, 666Mb)
If the build process hangs at this point, you have to go to a                                        (00:00.003 / 03:07.945, 666Mb)
command prompt, and then run these two commands:                                                     (00:00.002 / 03:07.947, 666Mb)
                                                                                                     (00:00.002 / 03:07.950, 666Mb)
cd C:\Users\franco.ulloa\Documents\sushi\eis_publish_hl7\temp\ig-builds\hl7.fhir.cl.minsal.eis#0.2.0-milestone\temp\pages (00:00.002 / 03:07.952, 666Mb)
jekyll build --destination "C:\Users\franco.ulloa\Documents\sushi\eis_publish_hl7\temp\ig-builds\hl7.fhir.cl.minsal.eis#0.2.0-milestone\output" (00:00.002 / 03:07.955, 666Mb)
                                                                                                     (00:00.003 / 03:07.959, 666Mb)
and then investigate why Jekyll has failed                                                           (00:00.003 / 03:07.963, 666Mb)
Troubleshooting Note: usual cases for Jekyll to fail are:                                            (00:00.003 / 03:07.966, 666Mb)
* A failure to produce a fragment that is already logged in the output above                         (00:00.003 / 03:07.969, 666Mb)
* A reference to a manually edited file that hasn't been provided                                    (00:00.003 / 03:07.972, 666Mb)
Jekyll: Source: C:/Users/franco.ulloa/Documents/sushi/eis_publish_hl7/temp/ig-builds/hl7.fhir.cl.minsal.eis#0.2.0-milestone/temp/pages (00:03.227 / 03:11.199, 668Mb)
Jekyll: Generating...                                                                                (00:00.001 / 03:11.201, 668Mb)
Jekyll: done in 14.607 seconds.                                                                      (00:14.606 / 03:25.807, 668Mb)
[39m
[0;39m[39mInstalling hl7.fhir.cl.minsal.eis#0.2.0
[0;39m[39m loaded @ C:\Users\franco.ulloa\.fhir\packages\hl7.fhir.cl.minsal.eis#0.2.0
[0;39mChecking Output HTML                                                                                 (00:04.320 / 03:30.128, 1Gb)
Processed C:\Users\franco.ulloa\Documents\sushi\eis_publish_hl7\temp\ig-builds\hl7.fhir.cl.minsal.eis#0.2.0-milestone\output - % reduction = 99 (40207820 ==> 727096)
found 1674 files                                                                                     (00:03.536 / 03:33.665, 994Mb)
........................................
........................................
  ... 1674 html files, 0 pages invalid xhtml (0%)                                                    (00:19.606 / 03:53.271, 752Mb)
  ... 108330 links, 0 broken links (0%)                                                              (00:00.002 / 03:53.274, 752Mb)
Generate fragment-usage-analysis.csv                                                                 (00:00.002 / 03:53.277, 752Mb)
Build final .zip                                                                                     (00:00.015 / 03:53.292, 752Mb)
Final .zip built                                                                                     (00:07.890 / 04:01.183, 1Gb)
Built. Times: loading: 00:01.468, generate: 03:22.317, narrative generation: 00:00.802, realm-rules: 00:00.001, previous-version: 00:11.598, jekyll: 00:17.927, validation: 00:59.086 (#95), template: 00:02.896 (#3) (00:08.173 / 04:09.356, 865Mb)
Generating QA                                                                                        (00:00.004 / 04:09.360, 865Mb)
Validation output in C:\Users\franco.ulloa\Documents\sushi\eis_publish_hl7\temp\ig-builds\hl7.fhir.cl.minsal.eis#0.2.0-milestone\output\qa.html
Errors: 0, Warnings: 10, Info: 2, Broken Links: 0 (00:00.150 / 04:09.511, 891Mb)
Finished @ 05-08-26 17:11. Max Memory Used = 1Gb. Log file saved in C:\Users\FRANCO~1.ULL\AppData\Local\Temp\fhir-ig-publisher-tmp.log (00:00.039 / 04:09.549, 893Mb)
Keep a copy of the build directory at C:\Users\franco.ulloa\Documents\sushi\eis_publish_hl7\temp\web-root\run-20260805\ig-build-zips\hl7.fhir.cl.minsal.eis#0.2.0.zip

ok. All checks passed. Publish v0.2.0 to C:\Users\franco.ulloa\Documents\sushi\eis_publish_hl7\temp\web-root\run-20260805\0.2.0
Copy the IG to C:\Users\franco.ulloa\Documents\sushi\eis_publish_hl7\temp\web-root\run-20260805\0.2.0
Update C:\Users\franco.ulloa\Documents\sushi\eis_publish_hl7\temp\web-root\run-20260805\package-list.json
Publish Box Statement: This page is part of the Guía de Estandares de Informacionde Salud (v0.2.0: <a data-no-external="true" href="https://confluence.hl7.org/display/HL7/HL7+Balloting" title="Standard for Trial-Use">STU</a>1) based on <a data-no-external="true" href="http://hl7.org/fhir/R4">FHIR (HL7® FHIR® Standard) R4</a>. This is the current published version in its permanent home (it will always be available at this URL).  For a full list of available versions, see the <a data-no-external="true" href="https://interoperabilidad.minsal.cl/fhir/ig/eis/history.html">Directory of published versions</a>
  .. 601 files checked, 601 updated
  .. 193 clones checked, 386 updated
  .. 5 redirections (5 created/updated)
This is a milestone release - publish v0.2.0 to C:\Users\franco.ulloa\Documents\sushi\eis_publish_hl7\temp\web-root\run-20260805\
Update publish box for version 0.1.0 @ https://interoperabilidad.minsal.cl/fhir/ig/eis/0.1.0
Publish Box Statement: This page is part of the Guía de Estandares de Informacionde Salud (v0.1.0: <a data-no-external="true" href="https://confluence.hl7.org/display/HL7/HL7+Balloting" title="Standard for Trial-Use">STU</a>1 Draft) based on <a data-no-external="true" href="http://hl7.org/fhir/R4">FHIR (HL7® FHIR® Standard) R4</a>. The current version which supersedes this version is <a data-no-external="true" href="https://interoperabilidad.minsal.cl/fhir/ig/eis{{fn}}">0.2.0</a>.  For a full list of available versions, see the <a data-no-external="true" href="https://interoperabilidad.minsal.cl/fhir/ig/eis/history.html">Directory of published versions</a>
  .. 592 files checked, 592 updated
  .. 201 clones checked, 0 updated
Publish Box Statement: This page is part of the Guía de Estandares de Informacionde Salud (v0.2.0: <a data-no-external="true" href="https://confluence.hl7.org/display/HL7/HL7+Balloting" title="Standard for Trial-Use">STU</a>1) based on <a data-no-external="true" href="http://hl7.org/fhir/R4">FHIR (HL7® FHIR® Standard) R4</a>. This is the current published version.  For a full list of available versions, see the <a data-no-external="true" href="https://interoperabilidad.minsal.cl/fhir/ig/eis/history.html">Directory of published versions</a>
  .. 601 files checked, 601 updated
  .. 193 clones checked, 386 updated
  .. 5 redirections (5 created/updated)
Check for Files to delete
  ... 1 files
Copy to new IG C:\Users\franco.ulloa\Documents\sushi\eis_publish_hl7\temp\web-root\run-20260805\
Error in package-list.json:path to build.fhir.org should not use https://
hl7.fhir.cl.minsal.eis (https://interoperabilidad.minsal.cl/fhir/ig/eis): Guía de Estandares de Informacionde Salud @ http://build.fhir.org/ig/Minsal-CL/eis
  edition: STU1 0.2.0/4.0.1 @ https://interoperabilidad.minsal.cl/fhir/ig/eis/0.2.0
Build is complete. Copy from C:\Users\franco.ulloa\Documents\sushi\eis_publish_hl7\temp\web-root\run-20260805
Update history page at C:\Users\franco.ulloa\Documents\sushi\eis_publish_hl7\temp\web-root\run-20260805\ from C:\Users\franco.ulloa\Documents\sushi\eis_publish_hl7\fhir-ig-history-template-master and C:/Users/franco.ulloa/Documents/sushi/eis_publish_hl7/ig/templates
